#	Time of Day	Thread	Module	API	Return Value	Error	Duration
257	6:25:59.340 PM	1	SETUP.EXE	GetVersion (  )	602931718		0.0000020
258	6:25:59.340 PM	1	SETUP.EXE	HeapCreate ( HEAP_NO_SERIALIZE, 4096, 0 )	0x0a6d0000		0.0000407
260	6:25:59.340 PM	1	SETUP.EXE	VirtualAlloc ( NULL, 4194304, MEM_RESERVE, PAGE_READWRITE )	0x0a740000		0.0000070
262	6:25:59.340 PM	1	SETUP.EXE	VirtualAlloc ( 0x0a740000, 65536, MEM_COMMIT, PAGE_READWRITE )	0x0a740000		0.0000069
264	6:25:59.340 PM	1	SETUP.EXE	GetStartupInfoA ( 0x001afe34 )			0.0000012
265	6:25:59.340 PM	1	SETUP.EXE	GetStdHandle ( STD_INPUT_HANDLE )	NULL		0.0000015
266	6:25:59.340 PM	1	SETUP.EXE	GetFileType ( NULL )	FILE_TYPE_UNKNOWN		0.0000038
269	6:25:59.340 PM	1	SETUP.EXE	GetStdHandle ( STD_OUTPUT_HANDLE )	NULL		0.0000004
270	6:25:59.340 PM	1	SETUP.EXE	GetFileType ( NULL )	FILE_TYPE_UNKNOWN		0.0000019
273	6:25:59.340 PM	1	SETUP.EXE	GetStdHandle ( STD_ERROR_HANDLE )	NULL		0.0000003
274	6:25:59.340 PM	1	SETUP.EXE	GetFileType ( NULL )	FILE_TYPE_UNKNOWN		0.0000014
277	6:25:59.340 PM	1	SETUP.EXE	SetHandleCount ( 32 )	32		0.0000004
278	6:25:59.340 PM	1	SETUP.EXE	GetACP (  )	65001		0.0000013
279	6:25:59.340 PM	1	SETUP.EXE	GetCPInfo ( CP_UTF8, 0x001afe5c )	TRUE		0.0000013
280	6:25:59.340 PM	1	SETUP.EXE	GetCommandLineA (  )	0x028b64c8		0.0000008
281	6:25:59.340 PM	1	SETUP.EXE	GetEnvironmentStringsW (  )	0x028d7738		0.0000722
335	6:25:59.344 PM	1	SETUP.EXE	WideCharToMultiByte ( CP_ACP, 0, "=::=::\", 3460, NULL, 0, NULL, NULL )	3460		0.0000156
337	6:25:59.344 PM	1	SETUP.EXE	HeapAlloc ( 0x0a6d0000, 0, 3472 )	0x0a6d0498		0.0000144
338	6:25:59.344 PM	1	SETUP.EXE	WideCharToMultiByte ( CP_ACP, 0, "=::=::\", 3460, 0x0a6d0498, 3460, NULL, NULL )	3460		0.0000014
340	6:25:59.344 PM	1	SETUP.EXE	FreeEnvironmentStringsW ( "=::=::\" )	TRUE		0.0000045
342	6:25:59.344 PM	1	SETUP.EXE	GetModuleFileNameA ( NULL, 0x0040bd38, 260 )	55		0.0000234
347	6:25:59.344 PM	1	SETUP.EXE	HeapAlloc ( 0x0a6d0000, 0, 1632 )	0x0a6d1240		0.0000012
348	6:25:59.344 PM	1	SETUP.EXE	HeapFree ( 0x0a6d0000, 0, 0x0a6d0498 )	TRUE		0.0000011
349	6:25:59.344 PM	1	SETUP.EXE	HeapAlloc ( 0x0a6d0000, HEAP_ZERO_MEMORY, 2048 )	0x0a6d0498		0.0000011
350	6:25:59.344 PM	1	SETUP.EXE	GetStartupInfoA ( 0x001afe88 )			0.0000005
351	6:25:59.344 PM	1	SETUP.EXE	GetModuleHandleA ( NULL )	0x00400000		0.0000007
352	6:25:59.344 PM	1	SETUP.EXE	GetModuleFileNameA ( 0x00400000, 0x0040ba18, 260 )	55		0.0000085
357	6:25:59.344 PM	1	SETUP.EXE	CharNextA ( "\\Mac\RiderProjects\Win32Emu\EXEs\ign_install\SETUP.EXE" )	0x0040ba19		0.0002558
372	6:25:59.344 PM	1	SETUP.EXE	CharNextA ( "\Mac\RiderProjects\Win32Emu\EXEs\ign_install\SETUP.EXE" )	0x0040ba1a		0.0000044
373	6:25:59.344 PM	1	SETUP.EXE	CharNextA ( "Mac\RiderProjects\Win32Emu\EXEs\ign_install\SETUP.EXE" )	0x0040ba1b		0.0000002
374	6:25:59.344 PM	1	SETUP.EXE	CharNextA ( "ac\RiderProjects\Win32Emu\EXEs\ign_install\SETUP.EXE" )	0x0040ba1c		0.0000002
375	6:25:59.344 PM	1	SETUP.EXE	CharNextA ( "c\RiderProjects\Win32Emu\EXEs\ign_install\SETUP.EXE" )	0x0040ba1d		0.0000001
376	6:25:59.344 PM	1	SETUP.EXE	CharNextA ( "\RiderProjects\Win32Emu\EXEs\ign_install\SETUP.EXE" )	0x0040ba1e		0.0000001
377	6:25:59.344 PM	1	SETUP.EXE	CharNextA ( "RiderProjects\Win32Emu\EXEs\ign_install\SETUP.EXE" )	0x0040ba1f		0.0000001
378	6:25:59.344 PM	1	SETUP.EXE	CharNextA ( "iderProjects\Win32Emu\EXEs\ign_install\SETUP.EXE" )	0x0040ba20		0.0000001
379	6:25:59.344 PM	1	SETUP.EXE	CharNextA ( "derProjects\Win32Emu\EXEs\ign_install\SETUP.EXE" )	0x0040ba21		0.0000001
380	6:25:59.344 PM	1	SETUP.EXE	CharNextA ( "erProjects\Win32Emu\EXEs\ign_install\SETUP.EXE" )	0x0040ba22		0.0000001
381	6:25:59.344 PM	1	SETUP.EXE	CharNextA ( "rProjects\Win32Emu\EXEs\ign_install\SETUP.EXE" )	0x0040ba23		0.0000001
382	6:25:59.344 PM	1	SETUP.EXE	CharNextA ( "Projects\Win32Emu\EXEs\ign_install\SETUP.EXE" )	0x0040ba24		0.0000001
383	6:25:59.344 PM	1	SETUP.EXE	CharNextA ( "rojects\Win32Emu\EXEs\ign_install\SETUP.EXE" )	0x0040ba25		0.0000001
384	6:25:59.344 PM	1	SETUP.EXE	CharNextA ( "ojects\Win32Emu\EXEs\ign_install\SETUP.EXE" )	0x0040ba26		0.0000001
385	6:25:59.344 PM	1	SETUP.EXE	CharNextA ( "jects\Win32Emu\EXEs\ign_install\SETUP.EXE" )	0x0040ba27		0.0000001
386	6:25:59.344 PM	1	SETUP.EXE	CharNextA ( "ects\Win32Emu\EXEs\ign_install\SETUP.EXE" )	0x0040ba28		0.0000001
387	6:25:59.344 PM	1	SETUP.EXE	CharNextA ( "cts\Win32Emu\EXEs\ign_install\SETUP.EXE" )	0x0040ba29		0.0000001
388	6:25:59.344 PM	1	SETUP.EXE	CharNextA ( "ts\Win32Emu\EXEs\ign_install\SETUP.EXE" )	0x0040ba2a		0.0000001
389	6:25:59.344 PM	1	SETUP.EXE	CharNextA ( "s\Win32Emu\EXEs\ign_install\SETUP.EXE" )	0x0040ba2b		0.0000001
390	6:25:59.344 PM	1	SETUP.EXE	CharNextA ( "\Win32Emu\EXEs\ign_install\SETUP.EXE" )	0x0040ba2c		0.0000002
391	6:25:59.344 PM	1	SETUP.EXE	CharNextA ( "Win32Emu\EXEs\ign_install\SETUP.EXE" )	0x0040ba2d		0.0000006
392	6:25:59.344 PM	1	SETUP.EXE	CharNextA ( "in32Emu\EXEs\ign_install\SETUP.EXE" )	0x0040ba2e		0.0000001
393	6:25:59.344 PM	1	SETUP.EXE	CharNextA ( "n32Emu\EXEs\ign_install\SETUP.EXE" )	0x0040ba2f		0.0000001
394	6:25:59.344 PM	1	SETUP.EXE	CharNextA ( "32Emu\EXEs\ign_install\SETUP.EXE" )	0x0040ba30		0.0000001
395	6:25:59.344 PM	1	SETUP.EXE	CharNextA ( "2Emu\EXEs\ign_install\SETUP.EXE" )	0x0040ba31		0.0000006
396	6:25:59.344 PM	1	SETUP.EXE	CharNextA ( "Emu\EXEs\ign_install\SETUP.EXE" )	0x0040ba32		0.0000003
397	6:25:59.344 PM	1	SETUP.EXE	CharNextA ( "mu\EXEs\ign_install\SETUP.EXE" )	0x0040ba33		0.0000001
398	6:25:59.344 PM	1	SETUP.EXE	CharNextA ( "u\EXEs\ign_install\SETUP.EXE" )	0x0040ba34		0.0000001
399	6:25:59.344 PM	1	SETUP.EXE	CharNextA ( "\EXEs\ign_install\SETUP.EXE" )	0x0040ba35		0.0000001
400	6:25:59.344 PM	1	SETUP.EXE	CharNextA ( "EXEs\ign_install\SETUP.EXE" )	0x0040ba36		0.0000001
401	6:25:59.344 PM	1	SETUP.EXE	CharNextA ( "XEs\ign_install\SETUP.EXE" )	0x0040ba37		0.0000001
402	6:25:59.344 PM	1	SETUP.EXE	CharNextA ( "Es\ign_install\SETUP.EXE" )	0x0040ba38		0.0000001
403	6:25:59.344 PM	1	SETUP.EXE	CharNextA ( "s\ign_install\SETUP.EXE" )	0x0040ba39		0.0000001
404	6:25:59.344 PM	1	SETUP.EXE	CharNextA ( "\ign_install\SETUP.EXE" )	0x0040ba3a		0.0000001
405	6:25:59.344 PM	1	SETUP.EXE	CharNextA ( "ign_install\SETUP.EXE" )	0x0040ba3b		0.0000001
406	6:25:59.344 PM	1	SETUP.EXE	CharNextA ( "gn_install\SETUP.EXE" )	0x0040ba3c		0.0000001
407	6:25:59.344 PM	1	SETUP.EXE	CharNextA ( "n_install\SETUP.EXE" )	0x0040ba3d		0.0000001
408	6:25:59.344 PM	1	SETUP.EXE	CharNextA ( "_install\SETUP.EXE" )	0x0040ba3e		0.0000001
409	6:25:59.344 PM	1	SETUP.EXE	CharNextA ( "install\SETUP.EXE" )	0x0040ba3f		0.0000001
410	6:25:59.344 PM	1	SETUP.EXE	CharNextA ( "nstall\SETUP.EXE" )	0x0040ba40		0.0000001
411	6:25:59.356 PM	1	SETUP.EXE	CharNextA ( "stall\SETUP.EXE" )	0x0040ba41		0.0000058
412	6:25:59.356 PM	1	SETUP.EXE	CharNextA ( "tall\SETUP.EXE" )	0x0040ba42		0.0000007
413	6:25:59.356 PM	1	SETUP.EXE	CharNextA ( "all\SETUP.EXE" )	0x0040ba43		0.0000020
414	6:25:59.356 PM	1	SETUP.EXE	CharNextA ( "ll\SETUP.EXE" )	0x0040ba44		0.0000001
415	6:25:59.356 PM	1	SETUP.EXE	CharNextA ( "l\SETUP.EXE" )	0x0040ba45		0.0000001
416	6:25:59.356 PM	1	SETUP.EXE	CharNextA ( "\SETUP.EXE" )	0x0040ba46		0.0000001
417	6:25:59.356 PM	1	SETUP.EXE	CharNextA ( "SETUP.EXE" )	0x0040ba47		0.0000007
418	6:25:59.356 PM	1	SETUP.EXE	CharNextA ( "ETUP.EXE" )	0x0040ba48		0.0000001
419	6:25:59.356 PM	1	SETUP.EXE	CharNextA ( "TUP.EXE" )	0x0040ba49		0.0000001
420	6:25:59.356 PM	1	SETUP.EXE	CharNextA ( "UP.EXE" )	0x0040ba4a		0.0000006
421	6:25:59.356 PM	1	SETUP.EXE	CharNextA ( "P.EXE" )	0x0040ba4b		0.0000001
422	6:25:59.356 PM	1	SETUP.EXE	CharNextA ( ".EXE" )	0x0040ba4c		0.0000007
423	6:25:59.356 PM	1	SETUP.EXE	CharNextA ( "EXE" )	0x0040ba4d		0.0000001
424	6:25:59.356 PM	1	SETUP.EXE	CharNextA ( "XE" )	0x0040ba4e		0.0000007
425	6:25:59.356 PM	1	SETUP.EXE	CharNextA ( "E" )	0x0040ba4f		0.0000014
426	6:25:59.356 PM	1	SETUP.EXE	CoInitialize ( NULL )	S_OK		0.0099417
1757	6:25:59.640 PM	1	SETUP.EXE	DialogBoxParamA ( 0x00400000, "DLG_MASTER", NULL, 0x00401130, 0 )			
4999	6:25:59.946 PM	1	SETUP.EXE	GetModuleHandleA ( NULL )	0x00400000		0.0000014
5000	6:25:59.946 PM	1	SETUP.EXE	LoadStringA ( 0x00400000, 101, 0x0040b810, 512 )	14		0.0000998
5002	6:25:59.946 PM	1	SETUP.EXE	SetWindowTextA ( 0x00040568, "Ignition Setup" )	TRUE		0.0002608
5011	6:25:59.946 PM	1	SETUP.EXE	GetDlgItem ( 0x00040568, 1008 )	0x00060636		0.0000014
5012	6:25:59.946 PM	1	SETUP.EXE	EnableWindow ( 0x00060636, FALSE )	FALSE		0.0006958
5013	6:25:59.946 PM	1	SETUP.EXE	GetDlgItem ( 0x00040568, 1007 )	0x00070550		0.0000008
5014	6:25:59.946 PM	1	SETUP.EXE	EnableWindow ( 0x00070550, FALSE )	FALSE		0.0003235
5015	6:25:59.946 PM	1	SETUP.EXE	GetModuleHandleA ( NULL )	0x00400000		0.0000005
5016	6:25:59.946 PM	1	SETUP.EXE	LoadStringA ( 0x00400000, 118, 0x001ae00c, 512 )	6		0.0000069
5018	6:25:59.946 PM	1	SETUP.EXE	GetDlgItem ( 0x00040568, 1002 )	0x00050612		0.0000015
5019	6:25:59.946 PM	1	SETUP.EXE	LoadImageA ( 0x00400000, 0x001ae00c, IMAGE_BITMAP, 175, 195, LR_CREATEDIBSECTION | LR_LOADMAP3DCOLORS | LR_LOADTRANSPARENT )	NULL	1814 = The specified resource name cannot be found in the image file. 	0.0002680
5035	6:25:59.946 PM	1	SETUP.EXE	SendDlgItemMessageA ( 0x00040568, 1000, EM_SETLIMITTEXT, 260, 0 )	1		0.0000240
5036	6:25:59.946 PM	1	SETUP.EXE	GetModuleHandleA ( NULL )	0x00400000		0.0000005
5037	6:25:59.946 PM	1	SETUP.EXE	LoadStringA ( 0x00400000, 100, 0x001ae00c, 512 )	17		0.0000037
5039	6:25:59.946 PM	1	SETUP.EXE	SetDlgItemTextA ( 0x00040568, 1000, "C:\Games\Ignition" )	TRUE		0.0009808
5123	6:25:59.946 PM	1	SETUP.EXE	SendDlgItemMessageA ( 0x00040568, 1000, EM_SETSEL, 0, 16777472 )	1		0.0053967
5759	6:25:59.996 PM	1	SETUP.EXE	GetDlgItem ( 0x00040568, 1000 )	0x00060558		0.0000024
5760	6:25:59.996 PM	1	SETUP.EXE	SetFocus ( 0x00060558 )			
