2025-11-08 10:49:26.059 [INFO] Win32Emu.Emulator: Logging to file: /Users/pierce/RiderProjects/Win32Emu/BasicDD_067ab5a630135c960e230db7dbdfd15e_20251108_104926.log
2025-11-08 10:49:26.064 [INFO] Win32Emu.Emulator: [Loader] Host OS: Darwin 25.0.0 Darwin Kernel Version 25.0.0: Wed Sep 17 21:35:32 PDT 2025; root:xnu-12377.1.9~141/RELEASE_ARM64_T6020
2025-11-08 10:49:26.065 [INFO] Win32Emu.Emulator: [Loader] Host Architecture: Arm64
2025-11-08 10:49:26.066 [INFO] Win32Emu.Emulator: [Memory] Configured size: 256 MB, Address space: 4096 MB (sparse, pages allocated on-demand)
2025-11-08 10:49:26.077 [INFO] Win32Emu.Emulator: [Loader] Created syscall dispatcher at 0x0E000000
2025-11-08 10:49:26.081 [INFO] Win32Emu.Emulator: [Loader] Import mapping complete: 63 imports mapped to addresses 0x0F000000 - 0x0F0003E0
2025-11-08 10:49:26.081 [INFO] Win32Emu.Emulator: [Loader] IAT verification passed: all 63 entries are correct
2025-11-08 10:49:26.081 [INFO] Win32Emu.Emulator: [Loader] Registered 63 IAT entries for runtime protection
2025-11-08 10:49:26.083 [INFO] Win32Emu.Emulator: [Loader] Extracted 4 sections from PE file
2025-11-08 10:49:26.087 [INFO] Win32Emu.Emulator: [ProcessEnv] Pre-registered standard control class: BUTTON with WndProc=0x0D000000
2025-11-08 10:49:26.087 [INFO] Win32Emu.Emulator: [ProcessEnv] Pre-registered standard control class: EDIT with WndProc=0x0D000001
2025-11-08 10:49:26.087 [INFO] Win32Emu.Emulator: [ProcessEnv] Pre-registered standard control class: STATIC with WndProc=0x0D000002
2025-11-08 10:49:26.087 [INFO] Win32Emu.Emulator: [ProcessEnv] Pre-registered standard control class: LISTBOX with WndProc=0x0D000003
2025-11-08 10:49:26.087 [INFO] Win32Emu.Emulator: [ProcessEnv] Pre-registered standard control class: COMBOBOX with WndProc=0x0D000004
2025-11-08 10:49:26.087 [INFO] Win32Emu.Emulator: [ProcessEnv] Pre-registered standard control class: SCROLLBAR with WndProc=0x0D000005
2025-11-08 10:49:26.087 [INFO] Win32Emu.Emulator: [ProcessEnv] Pre-registered standard control class: MDICLIENT with WndProc=0x0D000006
2025-11-08 10:49:26.088 [INFO] Win32Emu.Emulator: [ProcessEnv] Registered main executable: ./EXEs/BasicDD.exe at 0x00400000
2025-11-08 10:49:26.088 [INFO] Win32Emu.Emulator: [ProcessEnv] Set current directory to: ./EXEs
2025-11-08 10:49:26.089 [INFO] Win32Emu.Emulator: [ProcessEnv] TEB allocated at 0x01000040
2025-11-08 10:49:26.089 [INFO] Win32Emu.Emulator: [ProcessEnv] PEB allocated at 0x01001040
2025-11-08 10:49:26.090 [INFO] Win32Emu.Emulator: [ProcessEnvironment] Detected GUI subsystem, no console allocated
2025-11-08 10:49:26.105 [INFO] Win32Emu.Emulator: [Loader] Selected CPU Emulator: IcedCpu
2025-11-08 10:49:26.105 [INFO] Win32Emu.Emulator: [Loader] Stack initialized: Base=0x00200000 Limit=0x00100000 ESP=0x001FF000 Reserve=0x100000 Commit=0x1000
2025-11-08 10:49:26.105 [INFO] Win32Emu.Emulator: [Loader] Heap base: 0x01000000
2025-11-08 10:49:26.110 [INFO] Win32Emu.Emulator: [ThreadScheduler] Initialized main thread 1 (handle=0x00001000)
2025-11-08 10:49:26.110 [INFO] Win32Emu.Emulator: [ProcessEnv] Main thread initialized with ID=1
2025-11-08 10:49:26.124 [INFO] Win32Emu.Emulator: [Syscall] KERNEL32.DLL!GetVersion from stub at 0x0F000140
2025-11-08 10:49:26.124 [INFO] Win32Emu.Emulator: [Syscall] BEFORE API: Return address at 0x001FEF84 = 0x004018EB
2025-11-08 10:49:26.124 [INFO] Win32Emu.Emulator: Dispatching KERNEL32.DLL!GetVersion at EIP=0x0E000002 ESP=0x001FEF84 stack=EB 18 40 00 00 00 00 00 00 00 00 00 00 00 00 00
2025-11-08 10:49:26.143 [INFO] Win32Emu.Emulator: [Dispatcher] KERNEL32.DLL!GetVersion returned 0x040003B6, argBytes=0
2025-11-08 10:49:26.143 [INFO] Win32Emu.Emulator: [Syscall] AFTER API: Return address at 0x001FEF84 = 0x004018EB
2025-11-08 10:49:26.145 [INFO] Win32Emu.Emulator: [Syscall] KERNEL32.DLL!HeapCreate from stub at 0x0F0001C0
2025-11-08 10:49:26.146 [INFO] Win32Emu.Emulator: [Syscall] BEFORE API: Return address at 0x001FEF70 = 0x00402867
2025-11-08 10:49:26.146 [INFO] Win32Emu.Emulator: Dispatching KERNEL32.DLL!HeapCreate at EIP=0x0E000002 ESP=0x001FEF70 stack=67 28 40 00 01 00 00 00 00 10 00 00 00 00 00 00
2025-11-08 10:49:26.146 [INFO] Win32Emu.Emulator: [Dispatcher] KERNEL32.DLL!HeapCreate returned 0x01002040, argBytes=12
2025-11-08 10:49:26.146 [INFO] Win32Emu.Emulator: [Syscall] AFTER API: Return address at 0x001FEF70 = 0x00402867
2025-11-08 10:49:26.148 [INFO] Win32Emu.Emulator: [Syscall] KERNEL32.DLL!GetVersionExA from stub at 0x0F000270
2025-11-08 10:49:26.148 [INFO] Win32Emu.Emulator: [Syscall] BEFORE API: Return address at 0x001FDD40 = 0x0040272D
2025-11-08 10:49:26.148 [INFO] Win32Emu.Emulator: Dispatching KERNEL32.DLL!GetVersionExA at EIP=0x0E000002 ESP=0x001FDD40 stack=2D 27 40 00 E0 EE 1F 00 00 00 00 00 00 00 00 00
2025-11-08 10:49:26.148 [INFO] Win32Emu.Emulator: [Dispatcher] KERNEL32.DLL!GetVersionExA returned 0x00000001, argBytes=4
2025-11-08 10:49:26.148 [INFO] Win32Emu.Emulator: [Syscall] AFTER API: Return address at 0x001FDD40 = 0x0040272D
2025-11-08 10:49:26.148 [INFO] Win32Emu.Emulator: [Syscall] KERNEL32.DLL!HeapAlloc from stub at 0x0F000010
2025-11-08 10:49:26.148 [INFO] Win32Emu.Emulator: [Syscall] BEFORE API: Return address at 0x001FEF00 = 0x00401EB1
2025-11-08 10:49:26.148 [INFO] Win32Emu.Emulator: Dispatching KERNEL32.DLL!HeapAlloc at EIP=0x0E000002 ESP=0x001FEF00 stack=B1 1E 40 00 40 20 00 01 00 00 00 00 00 01 00 00
2025-11-08 10:49:26.149 [INFO] Win32Emu.Emulator: [Dispatcher] KERNEL32.DLL!HeapAlloc returned 0x01002040, argBytes=12
2025-11-08 10:49:26.149 [INFO] Win32Emu.Emulator: [Syscall] AFTER API: Return address at 0x001FEF00 = 0x00401EB1
2025-11-08 10:49:26.149 [INFO] Win32Emu.Emulator: [Syscall] KERNEL32.DLL!GetStartupInfoA from stub at 0x0F000120
2025-11-08 10:49:26.149 [INFO] Win32Emu.Emulator: [Syscall] BEFORE API: Return address at 0x001FEF28 = 0x0040258F
2025-11-08 10:49:26.149 [INFO] Win32Emu.Emulator: Dispatching KERNEL32.DLL!GetStartupInfoA at EIP=0x0E000002 ESP=0x001FEF28 stack=8F 25 40 00 40 EF 1F 00 00 00 00 00 00 00 00 00
2025-11-08 10:49:26.149 [INFO] Win32Emu.Emulator: [Dispatcher] KERNEL32.DLL!GetStartupInfoA returned 0x00000000, argBytes=4
2025-11-08 10:49:26.149 [INFO] Win32Emu.Emulator: [Syscall] AFTER API: Return address at 0x001FEF28 = 0x0040258F
2025-11-08 10:49:26.149 [INFO] Win32Emu.Emulator: [Syscall] KERNEL32.DLL!GetStdHandle from stub at 0x0F000240
2025-11-08 10:49:26.149 [INFO] Win32Emu.Emulator: [Syscall] BEFORE API: Return address at 0x001FEF28 = 0x0040268E
2025-11-08 10:49:26.149 [INFO] Win32Emu.Emulator: Dispatching KERNEL32.DLL!GetStdHandle at EIP=0x0E000002 ESP=0x001FEF28 stack=8E 26 40 00 F6 FF FF FF 00 00 00 00 00 00 00 00
2025-11-08 10:49:26.150 [INFO] Win32Emu.Emulator: [Dispatcher] KERNEL32.DLL!GetStdHandle returned 0x00000000, argBytes=4
2025-11-08 10:49:26.150 [INFO] Win32Emu.Emulator: [Syscall] AFTER API: Return address at 0x001FEF28 = 0x0040268E
2025-11-08 10:49:26.150 [INFO] Win32Emu.Emulator: [Syscall] KERNEL32.DLL!GetFileType from stub at 0x0F000250
2025-11-08 10:49:26.150 [INFO] Win32Emu.Emulator: [Syscall] BEFORE API: Return address at 0x001FEF28 = 0x0040269C
2025-11-08 10:49:26.150 [INFO] Win32Emu.Emulator: Dispatching KERNEL32.DLL!GetFileType at EIP=0x0E000002 ESP=0x001FEF28 stack=9C 26 40 00 00 00 00 00 00 00 00 00 00 00 00 00
2025-11-08 10:49:26.150 [INFO] Win32Emu.Emulator: [Dispatcher] KERNEL32.DLL!GetFileType returned 0x00000000, argBytes=4
2025-11-08 10:49:26.150 [INFO] Win32Emu.Emulator: [Syscall] AFTER API: Return address at 0x001FEF28 = 0x0040269C
2025-11-08 10:49:26.150 [INFO] Win32Emu.Emulator: [Syscall] KERNEL32.DLL!GetStdHandle from stub at 0x0F000240
2025-11-08 10:49:26.150 [INFO] Win32Emu.Emulator: [Syscall] BEFORE API: Return address at 0x001FEF28 = 0x0040268E
2025-11-08 10:49:26.150 [INFO] Win32Emu.Emulator: Dispatching KERNEL32.DLL!GetStdHandle at EIP=0x0E000002 ESP=0x001FEF28 stack=8E 26 40 00 F5 FF FF FF 00 00 00 00 00 00 00 00
2025-11-08 10:49:26.150 [INFO] Win32Emu.Emulator: [Dispatcher] KERNEL32.DLL!GetStdHandle returned 0x00000000, argBytes=4
2025-11-08 10:49:26.150 [INFO] Win32Emu.Emulator: [Syscall] AFTER API: Return address at 0x001FEF28 = 0x0040268E
2025-11-08 10:49:26.150 [INFO] Win32Emu.Emulator: [Syscall] KERNEL32.DLL!GetFileType from stub at 0x0F000250
2025-11-08 10:49:26.150 [INFO] Win32Emu.Emulator: [Syscall] BEFORE API: Return address at 0x001FEF28 = 0x0040269C
2025-11-08 10:49:26.150 [INFO] Win32Emu.Emulator: Dispatching KERNEL32.DLL!GetFileType at EIP=0x0E000002 ESP=0x001FEF28 stack=9C 26 40 00 00 00 00 00 00 00 00 00 00 00 00 00
2025-11-08 10:49:26.150 [INFO] Win32Emu.Emulator: [Dispatcher] KERNEL32.DLL!GetFileType returned 0x00000000, argBytes=4
2025-11-08 10:49:26.150 [INFO] Win32Emu.Emulator: [Syscall] AFTER API: Return address at 0x001FEF28 = 0x0040269C
2025-11-08 10:49:26.150 [INFO] Win32Emu.Emulator: [Syscall] KERNEL32.DLL!GetStdHandle from stub at 0x0F000240
2025-11-08 10:49:26.150 [INFO] Win32Emu.Emulator: [Syscall] BEFORE API: Return address at 0x001FEF28 = 0x0040268E
2025-11-08 10:49:26.150 [INFO] Win32Emu.Emulator: Dispatching KERNEL32.DLL!GetStdHandle at EIP=0x0E000002 ESP=0x001FEF28 stack=8E 26 40 00 F4 FF FF FF 00 00 00 00 00 00 00 00
2025-11-08 10:49:26.150 [INFO] Win32Emu.Emulator: [Dispatcher] KERNEL32.DLL!GetStdHandle returned 0x00000000, argBytes=4
2025-11-08 10:49:26.150 [INFO] Win32Emu.Emulator: [Syscall] AFTER API: Return address at 0x001FEF28 = 0x0040268E
2025-11-08 10:49:26.150 [INFO] Win32Emu.Emulator: [Syscall] KERNEL32.DLL!GetFileType from stub at 0x0F000250
2025-11-08 10:49:26.150 [INFO] Win32Emu.Emulator: [Syscall] BEFORE API: Return address at 0x001FEF28 = 0x0040269C
2025-11-08 10:49:26.150 [INFO] Win32Emu.Emulator: Dispatching KERNEL32.DLL!GetFileType at EIP=0x0E000002 ESP=0x001FEF28 stack=9C 26 40 00 00 00 00 00 00 00 00 00 00 00 00 00
2025-11-08 10:49:26.150 [INFO] Win32Emu.Emulator: [Dispatcher] KERNEL32.DLL!GetFileType returned 0x00000000, argBytes=4
2025-11-08 10:49:26.150 [INFO] Win32Emu.Emulator: [Syscall] AFTER API: Return address at 0x001FEF28 = 0x0040269C
2025-11-08 10:49:26.151 [INFO] Win32Emu.Emulator: [Syscall] KERNEL32.DLL!SetHandleCount from stub at 0x0F000230
2025-11-08 10:49:26.151 [INFO] Win32Emu.Emulator: [Syscall] BEFORE API: Return address at 0x001FEF28 = 0x004026D3
2025-11-08 10:49:26.151 [INFO] Win32Emu.Emulator: Dispatching KERNEL32.DLL!SetHandleCount at EIP=0x0E000002 ESP=0x001FEF28 stack=D3 26 40 00 20 00 00 00 00 00 00 00 00 00 00 00
2025-11-08 10:49:26.151 [INFO] Win32Emu.Emulator: [Dispatcher] KERNEL32.DLL!SetHandleCount returned 0x00000020, argBytes=4
2025-11-08 10:49:26.151 [INFO] Win32Emu.Emulator: [Syscall] AFTER API: Return address at 0x001FEF28 = 0x004026D3
2025-11-08 10:49:26.151 [INFO] Win32Emu.Emulator: [Syscall] KERNEL32.DLL!GetCommandLineA from stub at 0x0F000130
2025-11-08 10:49:26.151 [INFO] Win32Emu.Emulator: [Syscall] BEFORE API: Return address at 0x001FEF84 = 0x00401939
2025-11-08 10:49:26.151 [INFO] Win32Emu.Emulator: Dispatching KERNEL32.DLL!GetCommandLineA at EIP=0x0E000002 ESP=0x001FEF84 stack=39 19 40 00 00 00 00 00 00 00 00 00 00 00 00 00
2025-11-08 10:49:26.151 [INFO] Win32Emu.Emulator: [Kernel32] GetCommandLineA returning 0x01000000: "C:\".\EXEs\BasicDD.exe"" (converted from ""./EXEs/BasicDD.exe"")
2025-11-08 10:49:26.151 [INFO] Win32Emu.Emulator: [Dispatcher] KERNEL32.DLL!GetCommandLineA returned 0x01000000, argBytes=0
2025-11-08 10:49:26.151 [INFO] Win32Emu.Emulator: [Syscall] AFTER API: Return address at 0x001FEF84 = 0x00401939
2025-11-08 10:49:26.151 [INFO] Win32Emu.Emulator: [Syscall] KERNEL32.DLL!GetEnvironmentStringsW from stub at 0x0F000220
2025-11-08 10:49:26.151 [INFO] Win32Emu.Emulator: [Syscall] BEFORE API: Return address at 0x001FEF68 = 0x0040241B
2025-11-08 10:49:26.151 [INFO] Win32Emu.Emulator: Dispatching KERNEL32.DLL!GetEnvironmentStringsW at EIP=0x0E000002 ESP=0x001FEF68 stack=1B 24 40 00 00 00 00 00 00 00 00 00 FC EF 1F 00
2025-11-08 10:49:26.154 [INFO] Win32Emu.Emulator: [Dispatcher] KERNEL32.DLL!GetEnvironmentStringsW returned 0x01003040, argBytes=0
2025-11-08 10:49:26.154 [INFO] Win32Emu.Emulator: [Syscall] AFTER API: Return address at 0x001FEF68 = 0x0040241B
2025-11-08 10:49:26.155 [INFO] Win32Emu.Emulator: [Syscall] KERNEL32.DLL!WideCharToMultiByte from stub at 0x0F000200
2025-11-08 10:49:26.155 [INFO] Win32Emu.Emulator: [Syscall] BEFORE API: Return address at 0x001FEF48 = 0x00402493
2025-11-08 10:49:26.155 [INFO] Win32Emu.Emulator: Dispatching KERNEL32.DLL!WideCharToMultiByte at EIP=0x0E000002 ESP=0x001FEF48 stack=93 24 40 00 00 00 00 00 00 00 00 00 40 30 00 01
2025-11-08 10:49:26.156 [INFO] Win32Emu.Emulator: [Kernel32] WideCharToMultiByte: CP=Acp cchWide=183 lpWide=0x01003040 cbMulti=0 lpMulti=0x00000000
2025-11-08 10:49:26.156 [INFO] Win32Emu.Emulator: [Kernel32] WideCharToMultiByte: Read 183 chars (specified count)
2025-11-08 10:49:26.156 [INFO] Win32Emu.Emulator: [Kernel32] WideCharToMultiByte: Returning size 183
2025-11-08 10:49:26.156 [INFO] Win32Emu.Emulator: [Dispatcher] KERNEL32.DLL!WideCharToMultiByte returned 0x000000B7, argBytes=32
2025-11-08 10:49:26.156 [INFO] Win32Emu.Emulator: [Syscall] AFTER API: Return address at 0x001FEF48 = 0x00402493
2025-11-08 10:49:26.156 [INFO] Win32Emu.Emulator: [Syscall] KERNEL32.DLL!HeapAlloc from stub at 0x0F000010
2025-11-08 10:49:26.156 [INFO] Win32Emu.Emulator: [Syscall] BEFORE API: Return address at 0x001FEF3C = 0x00401EB1
2025-11-08 10:49:26.156 [INFO] Win32Emu.Emulator: Dispatching KERNEL32.DLL!HeapAlloc at EIP=0x0E000002 ESP=0x001FEF3C stack=B1 1E 40 00 40 20 00 01 00 00 00 00 C0 00 00 00
2025-11-08 10:49:26.156 [INFO] Win32Emu.Emulator: [Dispatcher] KERNEL32.DLL!HeapAlloc returned 0x01002140, argBytes=12
2025-11-08 10:49:26.156 [INFO] Win32Emu.Emulator: [Syscall] AFTER API: Return address at 0x001FEF3C = 0x00401EB1
2025-11-08 10:49:26.156 [INFO] Win32Emu.Emulator: [Syscall] KERNEL32.DLL!WideCharToMultiByte from stub at 0x0F000200
2025-11-08 10:49:26.156 [INFO] Win32Emu.Emulator: [Syscall] BEFORE API: Return address at 0x001FEF48 = 0x004024B5
2025-11-08 10:49:26.156 [INFO] Win32Emu.Emulator: Dispatching KERNEL32.DLL!WideCharToMultiByte at EIP=0x0E000002 ESP=0x001FEF48 stack=B5 24 40 00 00 00 00 00 00 00 00 00 40 30 00 01
2025-11-08 10:49:26.156 [INFO] Win32Emu.Emulator: [Kernel32] WideCharToMultiByte: CP=Acp cchWide=183 lpWide=0x01003040 cbMulti=183 lpMulti=0x01002140
2025-11-08 10:49:26.156 [INFO] Win32Emu.Emulator: [Kernel32] WideCharToMultiByte: Read 183 chars (specified count)
2025-11-08 10:49:26.156 [INFO] Win32Emu.Emulator: [Dispatcher] KERNEL32.DLL!WideCharToMultiByte returned 0x000000B7, argBytes=32
2025-11-08 10:49:26.156 [INFO] Win32Emu.Emulator: [Syscall] AFTER API: Return address at 0x001FEF48 = 0x004024B5
2025-11-08 10:49:26.156 [INFO] Win32Emu.Emulator: [Syscall] KERNEL32.DLL!FreeEnvironmentStringsW from stub at 0x0F0001F0
2025-11-08 10:49:26.156 [INFO] Win32Emu.Emulator: [Syscall] BEFORE API: Return address at 0x001FEF64 = 0x004024D2
2025-11-08 10:49:26.156 [INFO] Win32Emu.Emulator: Dispatching KERNEL32.DLL!FreeEnvironmentStringsW at EIP=0x0E000002 ESP=0x001FEF64 stack=D2 24 40 00 40 30 00 01 00 00 00 00 00 00 00 00
2025-11-08 10:49:26.156 [INFO] Win32Emu.Emulator: [Dispatcher] KERNEL32.DLL!FreeEnvironmentStringsW returned 0x00000001, argBytes=4
2025-11-08 10:49:26.156 [INFO] Win32Emu.Emulator: [Syscall] AFTER API: Return address at 0x001FEF64 = 0x004024D2
2025-11-08 10:49:26.156 [INFO] Win32Emu.Emulator: [Syscall] KERNEL32.DLL!GetACP from stub at 0x0F0000C0
2025-11-08 10:49:26.156 [INFO] Win32Emu.Emulator: [Syscall] BEFORE API: Return address at 0x001FEF30 = 0x004041C8
2025-11-08 10:49:26.156 [INFO] Win32Emu.Emulator: Dispatching KERNEL32.DLL!GetACP at EIP=0x0E000002 ESP=0x001FEF30 stack=C8 41 40 00 FD FF FF FF 00 00 00 00 00 00 00 00
2025-11-08 10:49:26.156 [INFO] Win32Emu.Emulator: [Dispatcher] KERNEL32.DLL!GetACP returned 0x0000FDE9, argBytes=0
2025-11-08 10:49:26.156 [INFO] Win32Emu.Emulator: [Syscall] AFTER API: Return address at 0x001FEF30 = 0x004041C8
2025-11-08 10:49:26.156 [INFO] Win32Emu.Emulator: [Syscall] KERNEL32.DLL!GetCPInfo from stub at 0x0F0000D0
2025-11-08 10:49:26.156 [INFO] Win32Emu.Emulator: [Syscall] BEFORE API: Return address at 0x001FEF2C = 0x00404205
2025-11-08 10:49:26.156 [INFO] Win32Emu.Emulator: Dispatching KERNEL32.DLL!GetCPInfo at EIP=0x0E000002 ESP=0x001FEF2C stack=05 42 40 00 E9 FD 00 00 44 EF 1F 00 00 00 00 00
2025-11-08 10:49:26.157 [INFO] Win32Emu.Emulator: [Kernel32] GetCPInfo called: codePage=Utf8 lpCpInfo=0x001FEF44
2025-11-08 10:49:26.157 [INFO] Win32Emu.Emulator: [Kernel32] GetCPInfo: actualCodePage=Utf8
2025-11-08 10:49:26.157 [INFO] Win32Emu.Emulator: [Dispatcher] KERNEL32.DLL!GetCPInfo returned 0x00000001, argBytes=8
2025-11-08 10:49:26.157 [INFO] Win32Emu.Emulator: [Syscall] AFTER API: Return address at 0x001FEF2C = 0x00404205
2025-11-08 10:49:26.159 [INFO] Win32Emu.Emulator: [Syscall] KERNEL32.DLL!GetCPInfo from stub at 0x0F0000D0
2025-11-08 10:49:26.159 [INFO] Win32Emu.Emulator: [Syscall] BEFORE API: Return address at 0x001FEA0C = 0x00404410
2025-11-08 10:49:26.159 [INFO] Win32Emu.Emulator: Dispatching KERNEL32.DLL!GetCPInfo at EIP=0x0E000002 ESP=0x001FEA0C stack=10 44 40 00 E9 FD 00 00 1C EF 1F 00 E9 FD 00 00
2025-11-08 10:49:26.159 [INFO] Win32Emu.Emulator: [Kernel32] GetCPInfo called: codePage=Utf8 lpCpInfo=0x001FEF1C
2025-11-08 10:49:26.159 [INFO] Win32Emu.Emulator: [Kernel32] GetCPInfo: actualCodePage=Utf8
2025-11-08 10:49:26.159 [INFO] Win32Emu.Emulator: [Dispatcher] KERNEL32.DLL!GetCPInfo returned 0x00000001, argBytes=8
2025-11-08 10:49:26.159 [INFO] Win32Emu.Emulator: [Syscall] AFTER API: Return address at 0x001FEA0C = 0x00404410
2025-11-08 10:49:26.161 [INFO] Win32Emu.Emulator: [Syscall] KERNEL32.DLL!GetStringTypeW from stub at 0x0F000040
2025-11-08 10:49:26.161 [INFO] Win32Emu.Emulator: [Syscall] BEFORE API: Return address at 0x001FE9AC = 0x004052AC
2025-11-08 10:49:26.161 [INFO] Win32Emu.Emulator: Dispatching KERNEL32.DLL!GetStringTypeW at EIP=0x0E000002 ESP=0x001FE9AC stack=AC 52 40 00 01 00 00 00 94 64 40 00 01 00 00 00
2025-11-08 10:49:26.161 [INFO] Win32Emu.Emulator: [Dispatcher] KERNEL32.DLL!GetStringTypeW returned 0x00000000, argBytes=20
2025-11-08 10:49:26.161 [INFO] Win32Emu.Emulator: [Syscall] AFTER API: Return address at 0x001FE9AC = 0x004052AC
2025-11-08 10:49:26.161 [INFO] Win32Emu.Emulator: [Syscall] KERNEL32.DLL!GetStringTypeA from stub at 0x0F000050
2025-11-08 10:49:26.161 [INFO] Win32Emu.Emulator: [Syscall] BEFORE API: Return address at 0x001FE9AC = 0x004052C6
2025-11-08 10:49:26.161 [INFO] Win32Emu.Emulator: Dispatching KERNEL32.DLL!GetStringTypeA at EIP=0x0E000002 ESP=0x001FE9AC stack=C6 52 40 00 00 00 00 00 01 00 00 00 90 64 40 00
2025-11-08 10:49:26.161 [INFO] Win32Emu.Emulator: [Dispatcher] KERNEL32.DLL!GetStringTypeA returned 0x00000001, argBytes=20
2025-11-08 10:49:26.161 [INFO] Win32Emu.Emulator: [Syscall] AFTER API: Return address at 0x001FE9AC = 0x004052C6
2025-11-08 10:49:26.161 [INFO] Win32Emu.Emulator: [Syscall] KERNEL32.DLL!GetStringTypeA from stub at 0x0F000050
2025-11-08 10:49:26.161 [INFO] Win32Emu.Emulator: [Syscall] BEFORE API: Return address at 0x001FE9AC = 0x004052FA
2025-11-08 10:49:26.161 [INFO] Win32Emu.Emulator: Dispatching KERNEL32.DLL!GetStringTypeA at EIP=0x0E000002 ESP=0x001FE9AC stack=FA 52 40 00 00 00 00 00 01 00 00 00 1C EE 1F 00
2025-11-08 10:49:26.162 [INFO] Win32Emu.Emulator: [Dispatcher] KERNEL32.DLL!GetStringTypeA returned 0x00000001, argBytes=20
2025-11-08 10:49:26.162 [INFO] Win32Emu.Emulator: [Syscall] AFTER API: Return address at 0x001FE9AC = 0x004052FA
2025-11-08 10:49:26.162 [INFO] Win32Emu.Emulator: [Syscall] KERNEL32.DLL!LCMapStringW from stub at 0x0F000060
2025-11-08 10:49:26.162 [INFO] Win32Emu.Emulator: [Syscall] BEFORE API: Return address at 0x001FE980 = 0x00405060
2025-11-08 10:49:26.162 [INFO] Win32Emu.Emulator: Dispatching KERNEL32.DLL!LCMapStringW at EIP=0x0E000002 ESP=0x001FE980 stack=60 50 40 00 00 00 00 00 00 01 00 00 94 64 40 00
2025-11-08 10:49:26.162 [INFO] Win32Emu.Emulator: [Dispatcher] KERNEL32.DLL!LCMapStringW returned 0x00000002, argBytes=24
2025-11-08 10:49:26.162 [INFO] Win32Emu.Emulator: [Syscall] AFTER API: Return address at 0x001FE980 = 0x00405060
2025-11-08 10:49:26.164 [INFO] Win32Emu.Emulator: [Syscall] KERNEL32.DLL!MultiByteToWideChar from stub at 0x0F000080
2025-11-08 10:49:26.164 [INFO] Win32Emu.Emulator: [Syscall] BEFORE API: Return address at 0x001FE980 = 0x004050FD
2025-11-08 10:49:26.164 [INFO] Win32Emu.Emulator: Dispatching KERNEL32.DLL!MultiByteToWideChar at EIP=0x0E000002 ESP=0x001FE980 stack=FD 50 40 00 E9 FD 00 00 01 00 00 00 1C EE 1F 00
2025-11-08 10:49:26.165 [INFO] Win32Emu.Emulator: [Dispatcher] KERNEL32.DLL!MultiByteToWideChar returned 0x00000100, argBytes=24
2025-11-08 10:49:26.165 [INFO] Win32Emu.Emulator: [Syscall] AFTER API: Return address at 0x001FE980 = 0x004050FD
2025-11-08 10:49:26.165 [INFO] Win32Emu.Emulator: [Syscall] KERNEL32.DLL!MultiByteToWideChar from stub at 0x0F000080
2025-11-08 10:49:26.165 [INFO] Win32Emu.Emulator: [Syscall] BEFORE API: Return address at 0x001FE780 = 0x00405155
2025-11-08 10:49:26.165 [INFO] Win32Emu.Emulator: Dispatching KERNEL32.DLL!MultiByteToWideChar at EIP=0x0E000002 ESP=0x001FE780 stack=55 51 40 00 E9 FD 00 00 01 00 00 00 1C EE 1F 00
2025-11-08 10:49:26.165 [INFO] Win32Emu.Emulator: [Dispatcher] KERNEL32.DLL!MultiByteToWideChar returned 0x00000100, argBytes=24
2025-11-08 10:49:26.165 [INFO] Win32Emu.Emulator: [Syscall] AFTER API: Return address at 0x001FE780 = 0x00405155
2025-11-08 10:49:26.165 [INFO] Win32Emu.Emulator: [Syscall] KERNEL32.DLL!LCMapStringW from stub at 0x0F000060
2025-11-08 10:49:26.165 [INFO] Win32Emu.Emulator: [Syscall] BEFORE API: Return address at 0x001FE780 = 0x0040516B
2025-11-08 10:49:26.165 [INFO] Win32Emu.Emulator: Dispatching KERNEL32.DLL!LCMapStringW at EIP=0x0E000002 ESP=0x001FE780 stack=6B 51 40 00 00 00 00 00 00 01 00 00 9C E7 1F 00
2025-11-08 10:49:26.165 [INFO] Win32Emu.Emulator: [Dispatcher] KERNEL32.DLL!LCMapStringW returned 0x00000101, argBytes=24
2025-11-08 10:49:26.165 [INFO] Win32Emu.Emulator: [Syscall] AFTER API: Return address at 0x001FE780 = 0x0040516B
2025-11-08 10:49:26.165 [INFO] Win32Emu.Emulator: [Syscall] KERNEL32.DLL!LCMapStringW from stub at 0x0F000060
2025-11-08 10:49:26.165 [INFO] Win32Emu.Emulator: [Syscall] BEFORE API: Return address at 0x001FE57C = 0x00405206
2025-11-08 10:49:26.165 [INFO] Win32Emu.Emulator: Dispatching KERNEL32.DLL!LCMapStringW at EIP=0x0E000002 ESP=0x001FE57C stack=06 52 40 00 00 00 00 00 00 01 00 00 9C E7 1F 00
2025-11-08 10:49:26.165 [INFO] Win32Emu.Emulator: [Dispatcher] KERNEL32.DLL!LCMapStringW returned 0x00000101, argBytes=24
2025-11-08 10:49:26.165 [INFO] Win32Emu.Emulator: [Syscall] AFTER API: Return address at 0x001FE57C = 0x00405206
2025-11-08 10:49:26.165 [INFO] Win32Emu.Emulator: [Syscall] KERNEL32.DLL!WideCharToMultiByte from stub at 0x0F000200
2025-11-08 10:49:26.165 [INFO] Win32Emu.Emulator: [Syscall] BEFORE API: Return address at 0x001FE574 = 0x0040522B
2025-11-08 10:49:26.165 [INFO] Win32Emu.Emulator: Dispatching KERNEL32.DLL!WideCharToMultiByte at EIP=0x0E000002 ESP=0x001FE574 stack=2B 52 40 00 E9 FD 00 00 20 02 00 00 98 E5 1F 00
2025-11-08 10:49:26.165 [INFO] Win32Emu.Emulator: [Kernel32] WideCharToMultiByte: CP=Utf8 cchWide=257 lpWide=0x001FE598 cbMulti=256 lpMulti=0x001FED1C
2025-11-08 10:49:26.165 [INFO] Win32Emu.Emulator: [Kernel32] WideCharToMultiByte: Read 257 chars (specified count)
2025-11-08 10:49:26.165 [INFO] Win32Emu.Emulator: [Kernel32] WideCharToMultiByte: Buffer too small - need 513 bytes but only have 256
2025-11-08 10:49:26.165 [INFO] Win32Emu.Emulator: [Dispatcher] KERNEL32.DLL!WideCharToMultiByte returned 0x00000000, argBytes=32
2025-11-08 10:49:26.165 [INFO] Win32Emu.Emulator: [Syscall] AFTER API: Return address at 0x001FE574 = 0x0040522B
2025-11-08 10:49:26.168 [INFO] Win32Emu.Emulator: [Syscall] KERNEL32.DLL!MultiByteToWideChar from stub at 0x0F000080
2025-11-08 10:49:26.168 [INFO] Win32Emu.Emulator: [Syscall] BEFORE API: Return address at 0x001FE960 = 0x004050FD
2025-11-08 10:49:26.168 [INFO] Win32Emu.Emulator: Dispatching KERNEL32.DLL!MultiByteToWideChar at EIP=0x0E000002 ESP=0x001FE960 stack=FD 50 40 00 E9 FD 00 00 01 00 00 00 1C EE 1F 00
2025-11-08 10:49:26.168 [INFO] Win32Emu.Emulator: [Dispatcher] KERNEL32.DLL!MultiByteToWideChar returned 0x00000100, argBytes=24
2025-11-08 10:49:26.168 [INFO] Win32Emu.Emulator: [Syscall] AFTER API: Return address at 0x001FE960 = 0x004050FD
2025-11-08 10:49:26.168 [INFO] Win32Emu.Emulator: [Syscall] KERNEL32.DLL!MultiByteToWideChar from stub at 0x0F000080
2025-11-08 10:49:26.168 [INFO] Win32Emu.Emulator: [Syscall] BEFORE API: Return address at 0x001FE760 = 0x00405155
2025-11-08 10:49:26.168 [INFO] Win32Emu.Emulator: Dispatching KERNEL32.DLL!MultiByteToWideChar at EIP=0x0E000002 ESP=0x001FE760 stack=55 51 40 00 E9 FD 00 00 01 00 00 00 1C EE 1F 00
2025-11-08 10:49:26.168 [INFO] Win32Emu.Emulator: [Dispatcher] KERNEL32.DLL!MultiByteToWideChar returned 0x00000100, argBytes=24
2025-11-08 10:49:26.168 [INFO] Win32Emu.Emulator: [Syscall] AFTER API: Return address at 0x001FE760 = 0x00405155
2025-11-08 10:49:26.168 [INFO] Win32Emu.Emulator: [Syscall] KERNEL32.DLL!LCMapStringW from stub at 0x0F000060
2025-11-08 10:49:26.168 [INFO] Win32Emu.Emulator: [Syscall] BEFORE API: Return address at 0x001FE760 = 0x0040516B
2025-11-08 10:49:26.168 [INFO] Win32Emu.Emulator: Dispatching KERNEL32.DLL!LCMapStringW at EIP=0x0E000002 ESP=0x001FE760 stack=6B 51 40 00 00 00 00 00 00 02 00 00 7C E7 1F 00
2025-11-08 10:49:26.168 [INFO] Win32Emu.Emulator: [Dispatcher] KERNEL32.DLL!LCMapStringW returned 0x00000101, argBytes=24
2025-11-08 10:49:26.168 [INFO] Win32Emu.Emulator: [Syscall] AFTER API: Return address at 0x001FE760 = 0x0040516B
2025-11-08 10:49:26.168 [INFO] Win32Emu.Emulator: [Syscall] KERNEL32.DLL!LCMapStringW from stub at 0x0F000060
2025-11-08 10:49:26.168 [INFO] Win32Emu.Emulator: [Syscall] BEFORE API: Return address at 0x001FE55C = 0x00405206
2025-11-08 10:49:26.168 [INFO] Win32Emu.Emulator: Dispatching KERNEL32.DLL!LCMapStringW at EIP=0x0E000002 ESP=0x001FE55C stack=06 52 40 00 00 00 00 00 00 02 00 00 7C E7 1F 00
2025-11-08 10:49:26.168 [INFO] Win32Emu.Emulator: [Dispatcher] KERNEL32.DLL!LCMapStringW returned 0x00000101, argBytes=24
2025-11-08 10:49:26.168 [INFO] Win32Emu.Emulator: [Syscall] AFTER API: Return address at 0x001FE55C = 0x00405206
2025-11-08 10:49:26.168 [INFO] Win32Emu.Emulator: [Syscall] KERNEL32.DLL!WideCharToMultiByte from stub at 0x0F000200
2025-11-08 10:49:26.168 [INFO] Win32Emu.Emulator: [Syscall] BEFORE API: Return address at 0x001FE554 = 0x0040522B
2025-11-08 10:49:26.168 [INFO] Win32Emu.Emulator: Dispatching KERNEL32.DLL!WideCharToMultiByte at EIP=0x0E000002 ESP=0x001FE554 stack=2B 52 40 00 E9 FD 00 00 20 02 00 00 78 E5 1F 00
2025-11-08 10:49:26.168 [INFO] Win32Emu.Emulator: [Kernel32] WideCharToMultiByte: CP=Utf8 cchWide=257 lpWide=0x001FE578 cbMulti=256 lpMulti=0x001FEC1C
2025-11-08 10:49:26.168 [INFO] Win32Emu.Emulator: [Kernel32] WideCharToMultiByte: Read 257 chars (specified count)
2025-11-08 10:49:26.168 [INFO] Win32Emu.Emulator: [Kernel32] WideCharToMultiByte: Buffer too small - need 513 bytes but only have 256
2025-11-08 10:49:26.168 [INFO] Win32Emu.Emulator: [Dispatcher] KERNEL32.DLL!WideCharToMultiByte returned 0x00000000, argBytes=32
2025-11-08 10:49:26.169 [INFO] Win32Emu.Emulator: [Syscall] AFTER API: Return address at 0x001FE554 = 0x0040522B
2025-11-08 10:49:26.173 [INFO] Win32Emu.Emulator: [Syscall] KERNEL32.DLL!GetModuleFileNameA from stub at 0x0F000020
2025-11-08 10:49:26.173 [INFO] Win32Emu.Emulator: [Syscall] BEFORE API: Return address at 0x001FEF5C = 0x004021DA
2025-11-08 10:49:26.173 [INFO] Win32Emu.Emulator: Dispatching KERNEL32.DLL!GetModuleFileNameA at EIP=0x0E000002 ESP=0x001FEF5C stack=DA 21 40 00 00 00 00 00 F8 95 40 00 04 01 00 00
2025-11-08 10:49:26.173 [INFO] Win32Emu.Emulator: [Kernel32] GetModuleFileNameA called: h=0x00000000 lp=0x004095F8 n=260
2025-11-08 10:49:26.173 [INFO] Win32Emu.Emulator: [Kernel32] GetModuleFileNameA returning 21
2025-11-08 10:49:26.173 [INFO] Win32Emu.Emulator: [Dispatcher] KERNEL32.DLL!GetModuleFileNameA returned 0x00000015, argBytes=12
2025-11-08 10:49:26.173 [INFO] Win32Emu.Emulator: [Syscall] AFTER API: Return address at 0x001FEF5C = 0x004021DA
2025-11-08 10:49:26.174 [INFO] Win32Emu.Emulator: [Syscall] KERNEL32.DLL!HeapAlloc from stub at 0x0F000010
2025-11-08 10:49:26.174 [INFO] Win32Emu.Emulator: [Syscall] BEFORE API: Return address at 0x001FEF28 = 0x00401EB1
2025-11-08 10:49:26.174 [INFO] Win32Emu.Emulator: Dispatching KERNEL32.DLL!HeapAlloc at EIP=0x0E000002 ESP=0x001FEF28 stack=B1 1E 40 00 40 20 00 01 00 00 00 00 20 00 00 00
2025-11-08 10:49:26.174 [INFO] Win32Emu.Emulator: [Dispatcher] KERNEL32.DLL!HeapAlloc returned 0x01002200, argBytes=12
2025-11-08 10:49:26.174 [INFO] Win32Emu.Emulator: [Syscall] AFTER API: Return address at 0x001FEF28 = 0x00401EB1
2025-11-08 10:49:26.176 [INFO] Win32Emu.Emulator: [Syscall] KERNEL32.DLL!HeapAlloc from stub at 0x0F000010
2025-11-08 10:49:26.176 [INFO] Win32Emu.Emulator: [Syscall] BEFORE API: Return address at 0x001FEF48 = 0x00401EB1
2025-11-08 10:49:26.176 [INFO] Win32Emu.Emulator: Dispatching KERNEL32.DLL!HeapAlloc at EIP=0x0E000002 ESP=0x001FEF48 stack=B1 1E 40 00 40 20 00 01 00 00 00 00 30 00 00 00
2025-11-08 10:49:26.176 [INFO] Win32Emu.Emulator: [Dispatcher] KERNEL32.DLL!HeapAlloc returned 0x01002220, argBytes=12
2025-11-08 10:49:26.176 [INFO] Win32Emu.Emulator: [Syscall] AFTER API: Return address at 0x001FEF48 = 0x00401EB1
2025-11-08 10:49:26.176 [INFO] Win32Emu.Emulator: [Syscall] KERNEL32.DLL!HeapAlloc from stub at 0x0F000010
2025-11-08 10:49:26.176 [INFO] Win32Emu.Emulator: [Syscall] BEFORE API: Return address at 0x001FEF44 = 0x00401EB1
2025-11-08 10:49:26.176 [INFO] Win32Emu.Emulator: Dispatching KERNEL32.DLL!HeapAlloc at EIP=0x0E000002 ESP=0x001FEF44 stack=B1 1E 40 00 40 20 00 01 00 00 00 00 20 00 00 00
2025-11-08 10:49:26.176 [INFO] Win32Emu.Emulator: [Dispatcher] KERNEL32.DLL!HeapAlloc returned 0x01002250, argBytes=12
2025-11-08 10:49:26.176 [INFO] Win32Emu.Emulator: [Syscall] AFTER API: Return address at 0x001FEF44 = 0x00401EB1
2025-11-08 10:49:26.177 [INFO] Win32Emu.Emulator: [Syscall] KERNEL32.DLL!HeapAlloc from stub at 0x0F000010
2025-11-08 10:49:26.177 [INFO] Win32Emu.Emulator: [Syscall] BEFORE API: Return address at 0x001FEF44 = 0x00401EB1
2025-11-08 10:49:26.177 [INFO] Win32Emu.Emulator: Dispatching KERNEL32.DLL!HeapAlloc at EIP=0x0E000002 ESP=0x001FEF44 stack=B1 1E 40 00 40 20 00 01 00 00 00 00 40 00 00 00
2025-11-08 10:49:26.177 [INFO] Win32Emu.Emulator: [Dispatcher] KERNEL32.DLL!HeapAlloc returned 0x01002270, argBytes=12
2025-11-08 10:49:26.177 [INFO] Win32Emu.Emulator: [Syscall] AFTER API: Return address at 0x001FEF44 = 0x00401EB1
2025-11-08 10:49:26.177 [INFO] Win32Emu.Emulator: [Syscall] KERNEL32.DLL!HeapAlloc from stub at 0x0F000010
2025-11-08 10:49:26.177 [INFO] Win32Emu.Emulator: [Syscall] BEFORE API: Return address at 0x001FEF44 = 0x00401EB1
2025-11-08 10:49:26.177 [INFO] Win32Emu.Emulator: Dispatching KERNEL32.DLL!HeapAlloc at EIP=0x0E000002 ESP=0x001FEF44 stack=B1 1E 40 00 40 20 00 01 00 00 00 00 20 00 00 00
2025-11-08 10:49:26.177 [INFO] Win32Emu.Emulator: [Dispatcher] KERNEL32.DLL!HeapAlloc returned 0x010022B0, argBytes=12
2025-11-08 10:49:26.177 [INFO] Win32Emu.Emulator: [Syscall] AFTER API: Return address at 0x001FEF44 = 0x00401EB1
2025-11-08 10:49:26.178 [INFO] Win32Emu.Emulator: [Syscall] KERNEL32.DLL!HeapAlloc from stub at 0x0F000010
2025-11-08 10:49:26.178 [INFO] Win32Emu.Emulator: [Syscall] BEFORE API: Return address at 0x001FEF44 = 0x00401EB1
2025-11-08 10:49:26.178 [INFO] Win32Emu.Emulator: Dispatching KERNEL32.DLL!HeapAlloc at EIP=0x0E000002 ESP=0x001FEF44 stack=B1 1E 40 00 40 20 00 01 00 00 00 00 10 00 00 00
2025-11-08 10:49:26.178 [INFO] Win32Emu.Emulator: [Dispatcher] KERNEL32.DLL!HeapAlloc returned 0x010022D0, argBytes=12
2025-11-08 10:49:26.178 [INFO] Win32Emu.Emulator: [Syscall] AFTER API: Return address at 0x001FEF44 = 0x00401EB1
2025-11-08 10:49:26.178 [INFO] Win32Emu.Emulator: [Syscall] KERNEL32.DLL!HeapAlloc from stub at 0x0F000010
2025-11-08 10:49:26.178 [INFO] Win32Emu.Emulator: [Syscall] BEFORE API: Return address at 0x001FEF44 = 0x00401EB1
2025-11-08 10:49:26.178 [INFO] Win32Emu.Emulator: Dispatching KERNEL32.DLL!HeapAlloc at EIP=0x0E000002 ESP=0x001FEF44 stack=B1 1E 40 00 40 20 00 01 00 00 00 00 10 00 00 00
2025-11-08 10:49:26.178 [INFO] Win32Emu.Emulator: [Dispatcher] KERNEL32.DLL!HeapAlloc returned 0x010022E0, argBytes=12
2025-11-08 10:49:26.178 [INFO] Win32Emu.Emulator: [Syscall] AFTER API: Return address at 0x001FEF44 = 0x00401EB1
2025-11-08 10:49:26.178 [INFO] Win32Emu.Emulator: [Syscall] KERNEL32.DLL!HeapAlloc from stub at 0x0F000010
2025-11-08 10:49:26.178 [INFO] Win32Emu.Emulator: [Syscall] BEFORE API: Return address at 0x001FEF44 = 0x00401EB1
2025-11-08 10:49:26.178 [INFO] Win32Emu.Emulator: Dispatching KERNEL32.DLL!HeapAlloc at EIP=0x0E000002 ESP=0x001FEF44 stack=B1 1E 40 00 40 20 00 01 00 00 00 00 20 00 00 00
2025-11-08 10:49:26.178 [INFO] Win32Emu.Emulator: [Dispatcher] KERNEL32.DLL!HeapAlloc returned 0x010022F0, argBytes=12
2025-11-08 10:49:26.178 [INFO] Win32Emu.Emulator: [Syscall] AFTER API: Return address at 0x001FEF44 = 0x00401EB1
2025-11-08 10:49:26.179 [INFO] Win32Emu.Emulator: [Syscall] KERNEL32.DLL!HeapAlloc from stub at 0x0F000010
2025-11-08 10:49:26.179 [INFO] Win32Emu.Emulator: [Syscall] BEFORE API: Return address at 0x001FEF44 = 0x00401EB1
2025-11-08 10:49:26.179 [INFO] Win32Emu.Emulator: Dispatching KERNEL32.DLL!HeapAlloc at EIP=0x0E000002 ESP=0x001FEF44 stack=B1 1E 40 00 40 20 00 01 00 00 00 00 10 00 00 00
2025-11-08 10:49:26.179 [INFO] Win32Emu.Emulator: [Dispatcher] KERNEL32.DLL!HeapAlloc returned 0x01002310, argBytes=12
2025-11-08 10:49:26.179 [INFO] Win32Emu.Emulator: [Syscall] AFTER API: Return address at 0x001FEF44 = 0x00401EB1
2025-11-08 10:49:26.179 [INFO] Win32Emu.Emulator: [Syscall] KERNEL32.DLL!HeapAlloc from stub at 0x0F000010
2025-11-08 10:49:26.179 [INFO] Win32Emu.Emulator: [Syscall] BEFORE API: Return address at 0x001FEF44 = 0x00401EB1
2025-11-08 10:49:26.179 [INFO] Win32Emu.Emulator: Dispatching KERNEL32.DLL!HeapAlloc at EIP=0x0E000002 ESP=0x001FEF44 stack=B1 1E 40 00 40 20 00 01 00 00 00 00 20 00 00 00
2025-11-08 10:49:26.179 [INFO] Win32Emu.Emulator: [Dispatcher] KERNEL32.DLL!HeapAlloc returned 0x01002320, argBytes=12
2025-11-08 10:49:26.179 [INFO] Win32Emu.Emulator: [Syscall] AFTER API: Return address at 0x001FEF44 = 0x00401EB1
2025-11-08 10:49:26.179 [INFO] Win32Emu.Emulator: [Syscall] KERNEL32.DLL!HeapFree from stub at 0x0F0001B0
2025-11-08 10:49:26.179 [INFO] Win32Emu.Emulator: [Syscall] BEFORE API: Return address at 0x001FEF54 = 0x00401F19
2025-11-08 10:49:26.179 [INFO] Win32Emu.Emulator: Dispatching KERNEL32.DLL!HeapFree at EIP=0x0E000002 ESP=0x001FEF54 stack=19 1F 40 00 40 20 00 01 00 00 00 00 40 21 00 01
2025-11-08 10:49:26.179 [INFO] Win32Emu.Emulator: [Dispatcher] KERNEL32.DLL!HeapFree returned 0x00000001, argBytes=12
2025-11-08 10:49:26.179 [INFO] Win32Emu.Emulator: [Syscall] AFTER API: Return address at 0x001FEF54 = 0x00401F19
2025-11-08 10:49:26.180 [INFO] Win32Emu.Emulator: [Syscall] KERNEL32.DLL!HeapAlloc from stub at 0x0F000010
2025-11-08 10:49:26.180 [INFO] Win32Emu.Emulator: [Syscall] BEFORE API: Return address at 0x001FEF40 = 0x00401EB1
2025-11-08 10:49:26.180 [INFO] Win32Emu.Emulator: Dispatching KERNEL32.DLL!HeapAlloc at EIP=0x0E000002 ESP=0x001FEF40 stack=B1 1E 40 00 40 20 00 01 00 00 00 00 80 00 00 00
2025-11-08 10:49:26.180 [INFO] Win32Emu.Emulator: [Dispatcher] KERNEL32.DLL!HeapAlloc returned 0x01002340, argBytes=12
2025-11-08 10:49:26.180 [INFO] Win32Emu.Emulator: [Syscall] AFTER API: Return address at 0x001FEF40 = 0x00401EB1
2025-11-08 10:49:26.180 [INFO] Win32Emu.Emulator: [Syscall] KERNEL32.DLL!HeapSize from stub at 0x0F0001A0
2025-11-08 10:49:26.180 [INFO] Win32Emu.Emulator: [Syscall] BEFORE API: Return address at 0x001FEF2C = 0x00401DFE
2025-11-08 10:49:26.180 [INFO] Win32Emu.Emulator: Dispatching KERNEL32.DLL!HeapSize at EIP=0x0E000002 ESP=0x001FEF2C stack=FE 1D 40 00 40 20 00 01 00 00 00 00 40 23 00 01
2025-11-08 10:49:26.180 [INFO] Win32Emu.Emulator: [Kernel32] HeapSize(hHeap=0x01002040, dwFlags=0x00000000, lpMem=0x01002340)
2025-11-08 10:49:26.180 [INFO] Win32Emu.Emulator: [Kernel32] HeapSize: Block at 0x01002340 has size 128 bytes
2025-11-08 10:49:26.180 [INFO] Win32Emu.Emulator: [Dispatcher] KERNEL32.DLL!HeapSize returned 0x00000080, argBytes=12
2025-11-08 10:49:26.180 [INFO] Win32Emu.Emulator: [Syscall] AFTER API: Return address at 0x001FEF2C = 0x00401DFE
2025-11-08 10:49:26.180 [INFO] Win32Emu.Emulator: [Syscall] KERNEL32.DLL!GetStartupInfoA from stub at 0x0F000120
2025-11-08 10:49:26.180 [INFO] Win32Emu.Emulator: [Syscall] BEFORE API: Return address at 0x001FEF80 = 0x00401964
2025-11-08 10:49:26.180 [INFO] Win32Emu.Emulator: Dispatching KERNEL32.DLL!GetStartupInfoA at EIP=0x0E000002 ESP=0x001FEF80 stack=64 19 40 00 A0 EF 1F 00 00 00 00 00 00 00 00 00
2025-11-08 10:49:26.180 [INFO] Win32Emu.Emulator: [Dispatcher] KERNEL32.DLL!GetStartupInfoA returned 0x00000000, argBytes=4
2025-11-08 10:49:26.180 [INFO] Win32Emu.Emulator: [Syscall] AFTER API: Return address at 0x001FEF80 = 0x00401964
2025-11-08 10:49:26.180 [INFO] Win32Emu.Emulator: [Syscall] KERNEL32.DLL!GetModuleHandleA from stub at 0x0F000110
2025-11-08 10:49:26.180 [INFO] Win32Emu.Emulator: [Syscall] BEFORE API: Return address at 0x001FEF74 = 0x00401987
2025-11-08 10:49:26.180 [INFO] Win32Emu.Emulator: Dispatching KERNEL32.DLL!GetModuleHandleA at EIP=0x0E000002 ESP=0x001FEF74 stack=87 19 40 00 00 00 00 00 00 00 00 00 17 00 00 01
2025-11-08 10:49:26.181 [INFO] Win32Emu.Emulator: [Kernel32] GetModuleHandleA called: module='NULL (current process)'
2025-11-08 10:49:26.181 [INFO] Win32Emu.Emulator: [Dispatcher] KERNEL32.DLL!GetModuleHandleA returned 0x00400000, argBytes=4
2025-11-08 10:49:26.181 [INFO] Win32Emu.Emulator: [Syscall] AFTER API: Return address at 0x001FEF74 = 0x00401987
2025-11-08 10:49:26.181 [INFO] Win32Emu.Emulator: [Syscall] USER32.DLL!LoadIconA from stub at 0x0F000350
2025-11-08 10:49:26.181 [INFO] Win32Emu.Emulator: [Syscall] BEFORE API: Return address at 0x001FEF18 = 0x00401239
2025-11-08 10:49:26.181 [INFO] Win32Emu.Emulator: Dispatching USER32.DLL!LoadIconA at EIP=0x0E000002 ESP=0x001FEF18 stack=39 12 40 00 00 00 40 00 00 7F 00 00 00 00 00 00
2025-11-08 10:49:26.186 [INFO] Win32Emu.Emulator: [User32] LoadIconA: hInstance=0x00400000 lpIconName=0x00007F00
2025-11-08 10:49:26.186 [INFO] Win32Emu.Emulator: [Dispatcher] USER32.DLL!LoadIconA returned 0x00001000, argBytes=8
2025-11-08 10:49:26.186 [INFO] Win32Emu.Emulator: [Syscall] AFTER API: Return address at 0x001FEF18 = 0x00401239
2025-11-08 10:49:26.186 [INFO] Win32Emu.Emulator: [Syscall] USER32.DLL!LoadCursorA from stub at 0x0F000360
2025-11-08 10:49:26.186 [INFO] Win32Emu.Emulator: [Syscall] BEFORE API: Return address at 0x001FEF18 = 0x0040124A
2025-11-08 10:49:26.186 [INFO] Win32Emu.Emulator: Dispatching USER32.DLL!LoadCursorA at EIP=0x0E000002 ESP=0x001FEF18 stack=4A 12 40 00 00 00 00 00 00 7F 00 00 00 00 00 00
2025-11-08 10:49:26.186 [INFO] Win32Emu.Emulator: [User32] LoadCursorA: hInstance=0x00000000 lpCursorName=0x00007F00
2025-11-08 10:49:26.186 [INFO] Win32Emu.Emulator: [Dispatcher] USER32.DLL!LoadCursorA returned 0x00017F00, argBytes=8
2025-11-08 10:49:26.186 [INFO] Win32Emu.Emulator: [Syscall] AFTER API: Return address at 0x001FEF18 = 0x0040124A
2025-11-08 10:49:26.186 [INFO] Win32Emu.Emulator: [Syscall] GDI32.DLL!GetStockObject from stub at 0x0F0003E0
2025-11-08 10:49:26.186 [INFO] Win32Emu.Emulator: [Syscall] BEFORE API: Return address at 0x001FEF1C = 0x00401256
2025-11-08 10:49:26.186 [INFO] Win32Emu.Emulator: Dispatching GDI32.DLL!GetStockObject at EIP=0x0E000002 ESP=0x001FEF1C stack=56 12 40 00 04 00 00 00 00 00 00 00 03 00 00 00
2025-11-08 10:49:26.189 [INFO] Win32Emu.Emulator: [Gdi32] GetStockObject(4) -> 0x80000000
2025-11-08 10:49:26.189 [INFO] Win32Emu.Emulator: [Dispatcher] GDI32.DLL!GetStockObject returned 0x80000000, argBytes=4
2025-11-08 10:49:26.189 [INFO] Win32Emu.Emulator: [Syscall] AFTER API: Return address at 0x001FEF1C = 0x00401256
2025-11-08 10:49:26.189 [INFO] Win32Emu.Emulator: [Syscall] USER32.DLL!RegisterClassA from stub at 0x0F000370
2025-11-08 10:49:26.189 [INFO] Win32Emu.Emulator: [Syscall] BEFORE API: Return address at 0x001FEF1C = 0x00401275
2025-11-08 10:49:26.189 [INFO] Win32Emu.Emulator: Dispatching USER32.DLL!RegisterClassA at EIP=0x0E000002 ESP=0x001FEF1C stack=75 12 40 00 28 EF 1F 00 00 00 00 00 03 00 00 00
2025-11-08 10:49:26.190 [INFO] Win32Emu.Emulator: [ProcessEnv] Registered window class: Basic DD
2025-11-08 10:49:26.190 [INFO] Win32Emu.Emulator: [User32] RegisterClassA: 'Basic DD' -> atom 0xC000
2025-11-08 10:49:26.190 [INFO] Win32Emu.Emulator: [Dispatcher] USER32.DLL!RegisterClassA returned 0x0000C000, argBytes=4
2025-11-08 10:49:26.190 [INFO] Win32Emu.Emulator: [Syscall] AFTER API: Return address at 0x001FEF1C = 0x00401275
2025-11-08 10:49:26.190 [INFO] Win32Emu.Emulator: [Syscall] USER32.DLL!GetSystemMetrics from stub at 0x0F000310
2025-11-08 10:49:26.190 [INFO] Win32Emu.Emulator: [Syscall] BEFORE API: Return address at 0x001FEF0C = 0x0040128C
2025-11-08 10:49:26.190 [INFO] Win32Emu.Emulator: Dispatching USER32.DLL!GetSystemMetrics at EIP=0x0E000002 ESP=0x001FEF0C stack=8C 12 40 00 01 00 00 00 00 00 00 00 00 00 00 00
2025-11-08 10:49:26.190 [INFO] Win32Emu.Emulator: [User32] GetSystemMetrics: nIndex=SM_CYSCREEN
2025-11-08 10:49:26.190 [INFO] Win32Emu.Emulator: [User32] GetSystemMetrics: Returning SM_CYSCREEN (1): 1080
2025-11-08 10:49:26.190 [INFO] Win32Emu.Emulator: [Dispatcher] USER32.DLL!GetSystemMetrics returned 0x00000438, argBytes=4
2025-11-08 10:49:26.190 [INFO] Win32Emu.Emulator: [Syscall] AFTER API: Return address at 0x001FEF0C = 0x0040128C
2025-11-08 10:49:26.190 [INFO] Win32Emu.Emulator: [Syscall] USER32.DLL!GetSystemMetrics from stub at 0x0F000310
2025-11-08 10:49:26.190 [INFO] Win32Emu.Emulator: [Syscall] BEFORE API: Return address at 0x001FEF08 = 0x00401291
2025-11-08 10:49:26.190 [INFO] Win32Emu.Emulator: Dispatching USER32.DLL!GetSystemMetrics at EIP=0x0E000002 ESP=0x001FEF08 stack=91 12 40 00 00 00 00 00 38 04 00 00 00 00 00 00
2025-11-08 10:49:26.190 [INFO] Win32Emu.Emulator: [User32] GetSystemMetrics: nIndex=SM_CXSCREEN
2025-11-08 10:49:26.190 [INFO] Win32Emu.Emulator: [User32] GetSystemMetrics: Returning SM_CXSCREEN (0): 1920
2025-11-08 10:49:26.190 [INFO] Win32Emu.Emulator: [Dispatcher] USER32.DLL!GetSystemMetrics returned 0x00000780, argBytes=4
2025-11-08 10:49:26.190 [INFO] Win32Emu.Emulator: [Syscall] AFTER API: Return address at 0x001FEF08 = 0x00401291
2025-11-08 10:49:26.190 [INFO] Win32Emu.Emulator: [Syscall] USER32.DLL!CreateWindowExA from stub at 0x0F000300
2025-11-08 10:49:26.190 [INFO] Win32Emu.Emulator: [Syscall] BEFORE API: Return address at 0x001FEEF0 = 0x004012AD
2025-11-08 10:49:26.190 [INFO] Win32Emu.Emulator: Dispatching USER32.DLL!CreateWindowExA at EIP=0x0E000002 ESP=0x001FEEF0 stack=AD 12 40 00 08 00 00 00 A4 70 40 00 A4 70 40 00
2025-11-08 10:49:26.191 [INFO] Win32Emu.Emulator: [ProcessEnv] Created window: HWND=0x00010000 Class='Basic DD' Title='Basic DD'
2025-11-08 10:49:26.192 [INFO] Win32Emu.Emulator: [ProcessEnv] PostMessage: queued MSG=0x0001 HWND=0x00010000
2025-11-08 10:49:26.192 [INFO] Win32Emu.Emulator: [ProcessEnv] PostMessage: queued MSG=0x0005 HWND=0x00010000
2025-11-08 10:49:26.192 [INFO] Win32Emu.Emulator: [ProcessEnv] PostMessage: queued MSG=0x0003 HWND=0x00010000
2025-11-08 10:49:26.192 [INFO] Win32Emu.Emulator: [User32] CreateWindowExA: Created HWND=0x00010000 Class='Basic DD' Title='Basic DD'
2025-11-08 10:49:26.192 [INFO] Win32Emu.Emulator: [Dispatcher] USER32.DLL!CreateWindowExA returned 0x00010000, argBytes=48
2025-11-08 10:49:26.192 [INFO] Win32Emu.Emulator: [Syscall] AFTER API: Return address at 0x001FEEF0 = 0x004012AD
2025-11-08 10:49:26.192 [INFO] Win32Emu.Emulator: [Syscall] USER32.DLL!ShowWindow from stub at 0x0F0002F0
2025-11-08 10:49:26.192 [INFO] Win32Emu.Emulator: [Syscall] BEFORE API: Return address at 0x001FEF18 = 0x004012BB
2025-11-08 10:49:26.192 [INFO] Win32Emu.Emulator: Dispatching USER32.DLL!ShowWindow at EIP=0x0E000002 ESP=0x001FEF18 stack=BB 12 40 00 00 00 01 00 0A 00 00 00 00 00 00 00
2025-11-08 10:49:26.193 [INFO] Win32Emu.Emulator: [User32] ShowWindow: HWND=0x00010000 nCmdShow=10
2025-11-08 10:49:26.193 [INFO] Win32Emu.Emulator: [User32] ShowWindow: Window 0x00010000 is now visible
2025-11-08 10:49:26.193 [INFO] Win32Emu.Emulator: [ProcessEnv] PostMessage: queued MSG=0x001C HWND=0x00010000
2025-11-08 10:49:26.193 [INFO] Win32Emu.Emulator: [Dispatcher] USER32.DLL!ShowWindow returned 0x00000000, argBytes=8
2025-11-08 10:49:26.193 [INFO] Win32Emu.Emulator: [Syscall] AFTER API: Return address at 0x001FEF18 = 0x004012BB
2025-11-08 10:49:26.193 [INFO] Win32Emu.Emulator: [Syscall] USER32.DLL!UpdateWindow from stub at 0x0F0002E0
2025-11-08 10:49:26.194 [INFO] Win32Emu.Emulator: [Syscall] BEFORE API: Return address at 0x001FEF1C = 0x004012C2
2025-11-08 10:49:26.194 [INFO] Win32Emu.Emulator: Dispatching USER32.DLL!UpdateWindow at EIP=0x0E000002 ESP=0x001FEF1C stack=C2 12 40 00 00 00 01 00 00 00 00 00 03 00 00 00
2025-11-08 10:49:26.194 [INFO] Win32Emu.Emulator: [User32] UpdateWindow: HWND=0x00010000
2025-11-08 10:49:26.194 [INFO] Win32Emu.Emulator: [User32] UpdateWindow: Sending WM_PAINT to HWND=0x00010000
2025-11-08 10:49:26.194 [INFO] Win32Emu.Emulator: [User32] SendMessageA: HWND=0x00010000 MSG=0x000F wParam=0x00000000 lParam=0x00000000
2025-11-08 10:49:26.194 [INFO] Win32Emu.Emulator: [User32] SendMessageA: Found WndProc=0x004012D0 for HWND=0x00010000
2025-11-08 10:49:26.195 [INFO] Win32Emu.Emulator: [User32] CallWindowProcedure: Calling 0x004012D0 with HWND=0x00010000 MSG=0x000F
2025-11-08 10:49:26.195 [INFO] Win32Emu.Emulator: Dispatching USER32.DLL!DefWindowProcA at EIP=0x0F000330 ESP=0x001FEEF4 stack=FD 12 40 00 00 00 01 00 0F 00 00 00 00 00 00 00
2025-11-08 10:49:26.195 [INFO] Win32Emu.Emulator: [User32] DefWindowProcA: HWND=0x00010000 MSG=0x000F wParam=0x00000000 lParam=0x00000000
2025-11-08 10:49:26.195 [INFO] Win32Emu.Emulator: [User32] DefWindowProcA: WM_PAINT
2025-11-08 10:49:26.195 [INFO] Win32Emu.Emulator: [Dispatcher] USER32.DLL!DefWindowProcA returned 0x00000000, argBytes=16
2025-11-08 10:49:26.196 [INFO] Win32Emu.Emulator: [User32] CallWindowProcedure: Completed with return value 0x00000000
2025-11-08 10:49:26.196 [INFO] Win32Emu.Emulator: [User32] SendMessageA: WndProc returned 0x00000000
2025-11-08 10:49:26.196 [INFO] Win32Emu.Emulator: [Dispatcher] USER32.DLL!UpdateWindow returned 0x00000001, argBytes=4
2025-11-08 10:49:26.196 [INFO] Win32Emu.Emulator: [Syscall] AFTER API: Return address at 0x001FEF1C = 0x004012C2
2025-11-08 10:49:26.196 [WARN] Win32Emu.Emulator: [IcedCpu] RET at 0x0E000002: return address 0x00000000 is suspiciously low (< 0x00400000). Possible stack corruption.
2025-11-08 10:49:26.196 [WARN] Win32Emu.Emulator: [IcedCpu] Stack dump around ESP=0x001FEF18:  [ESP-4]=0x001FEF14: 0x00000000  [ESP+0]=0x001FEF18: 0x00000000  [ESP+4]=0x001FEF1C: 0x004012C2  [ESP+8]=0x001FEF20: 0x00010000  [ESP+12]=0x001FEF24: 0x00000000  [ESP+16]=0x001FEF28: 0x00000003
2025-11-08 10:49:27.140 [ERROR] Win32Emu.Emulator: [IcedCpu] Unhandled mnemonic INVALID at 0x001FE679, ESP=0x001FEE84, EBP=0x001FEFFC, EAX=0xE0FFEE00. Likely executing data as code or invalid jump target.
2025-11-08 10:49:27.140 [ERROR] Win32Emu.Emulator: [IcedCpu] INVALID instruction encountered - definitely not valid code. Check for corrupted return addresses or bad jumps.
2025-11-08 10:49:27.150 [ERROR] Win32Emu.Emulator: [Emulator] Exception during SingleStep at EIP=0x001FE679, ESP=0x001FEE84, EBP=0x001FEFFC: INVALID instruction at 0x001FE679 (below typical image base (0x00400000) - likely stack/heap/data being executed as code). This indicates execution has jumped to invalid memory. Common causes: (1) corrupted return address on stack (check for stack overflow/underflow), (2) uninitialized or corrupted function pointer, (3) bad indirect jump/call, (4) buffer overflow corrupting code pointers. ESP=0x001FEE84, EBP=0x001FEFFC
System.InvalidOperationException: INVALID instruction at 0x001FE679 (below typical image base (0x00400000) - likely stack/heap/data being executed as code). This indicates execution has jumped to invalid memory. Common causes: (1) corrupted return address on stack (check for stack overflow/underflow), (2) uninitialized or corrupted function pointer, (3) bad indirect jump/call, (4) buffer overflow corrupting code pointers. ESP=0x001FEE84, EBP=0x001FEFFC
   at Win32Emu.Cpu.Iced.IcedCpu.SingleStep(VirtualMemory mem) in /Users/pierce/RiderProjects/Win32Emu/Win32Emu/Cpu/Iced/IcedCpu.cs:line 667
   at Win32Emu.Emulator.RunNormalAsync() in /Users/pierce/RiderProjects/Win32Emu/Win32Emu/Emulator.cs:line 803
2025-11-08 10:49:27.151 [ERROR] Win32Emu.Emulator: [Emulator] Unhandled exception during emulation
System.InvalidOperationException: INVALID instruction at 0x001FE679 (below typical image base (0x00400000) - likely stack/heap/data being executed as code). This indicates execution has jumped to invalid memory. Common causes: (1) corrupted return address on stack (check for stack overflow/underflow), (2) uninitialized or corrupted function pointer, (3) bad indirect jump/call, (4) buffer overflow corrupting code pointers. ESP=0x001FEE84, EBP=0x001FEFFC
   at Win32Emu.Cpu.Iced.IcedCpu.SingleStep(VirtualMemory mem) in /Users/pierce/RiderProjects/Win32Emu/Win32Emu/Cpu/Iced/IcedCpu.cs:line 667
   at Win32Emu.Emulator.RunNormalAsync() in /Users/pierce/RiderProjects/Win32Emu/Win32Emu/Emulator.cs:line 803
   at Win32Emu.Emulator.RunAsync() in /Users/pierce/RiderProjects/Win32Emu/Win32Emu/Emulator.cs:line 524
2025-11-08 10:49:27.152 [INFO] Win32Emu.Emulator: No unimplemented functions found!
