Using launch settings from /home/runner/work/Win32Emu/Win32Emu/Win32Emu.Gui/Properties/launchSettings.json...
CSC : warning CS9057: Analyzer assembly '/home/runner/work/Win32Emu/Win32Emu/Win32Emu.Generators/bin/Release/netstandard2.0/Win32Emu.Generators.dll' cannot be used because it references version '5.3.0.0' of the compiler, which is newer than the currently running version '5.0.0.0'. [/home/runner/work/Win32Emu/Win32Emu/Win32Emu/Win32Emu.csproj]
/home/runner/work/Win32Emu/Win32Emu/Win32Emu/Win32/Win32Dispatcher.cs(74,12): error CS0103: The name 'DllModuleExportInfo' does not exist in the current context [/home/runner/work/Win32Emu/Win32Emu/Win32Emu/Win32Emu.csproj]
/home/runner/work/Win32Emu/Win32Emu/Win32Emu/Win32/Win32Dispatcher.cs(94,9): error CS0103: The name 'StdCallMeta' does not exist in the current context [/home/runner/work/Win32Emu/Win32Emu/Win32Emu/Win32Emu.csproj]
/home/runner/work/Win32Emu/Win32Emu/Win32Emu/Win32/Win32Dispatcher.cs(227,12): error CS0103: The name 'DllModuleExportInfo' does not exist in the current context [/home/runner/work/Win32Emu/Win32Emu/Win32Emu/Win32Emu.csproj]
/home/runner/work/Win32Emu/Win32Emu/Win32Emu/Win32/Win32Dispatcher.cs(243,9): error CS0103: The name 'StdCallMeta' does not exist in the current context [/home/runner/work/Win32Emu/Win32Emu/Win32Emu/Win32Emu.csproj]
/home/runner/work/Win32Emu/Win32Emu/Win32Emu/Cpu/CpuHelpers.cs(622,4): warning CS8604: Possible null reference argument for parameter 'logger' in 'void LoggerExtensions.LogInformation(ILogger logger, string? message, params object?[] args)'. [/home/runner/work/Win32Emu/Win32Emu/Win32Emu/Win32Emu.csproj]
/home/runner/work/Win32Emu/Win32Emu/Win32Emu/Emulator.cs(658,34): warning CS8602: Dereference of a possibly null reference. [/home/runner/work/Win32Emu/Win32Emu/Win32Emu/Win32Emu.csproj]
/home/runner/work/Win32Emu/Win32Emu/Win32Emu/Emulator.cs(672,48): warning CS8604: Possible null reference argument for parameter 'path1' in 'string Path.Combine(string path1, string path2)'. [/home/runner/work/Win32Emu/Win32Emu/Win32Emu/Win32Emu.csproj]
/home/runner/work/Win32Emu/Win32Emu/Win32Emu/Emulator.cs(739,9): warning CS8602: Dereference of a possibly null reference. [/home/runner/work/Win32Emu/Win32Emu/Win32Emu/Win32Emu.csproj]
/home/runner/work/Win32Emu/Win32Emu/Win32Emu/Emulator.cs(1191,73): warning CS8604: Possible null reference argument for parameter 'memory' in 'bool IWin32ModuleUnsafe.TryInvokeUnsafe(string export, ICpu cpu, VirtualMemory memory, out uint returnValue)'. [/home/runner/work/Win32Emu/Win32Emu/Win32Emu/Win32Emu.csproj]
/home/runner/work/Win32Emu/Win32Emu/Win32Emu/Emulator.cs(1201,77): warning CS8604: Possible null reference argument for parameter 'memory' in 'bool IWin32ModuleUnsafe.TryInvokeUnsafe(string export, ICpu cpu, VirtualMemory memory, out uint returnValue)'. [/home/runner/work/Win32Emu/Win32Emu/Win32Emu/Win32Emu.csproj]
/home/runner/work/Win32Emu/Win32Emu/Win32Emu/Emulator.cs(1211,78): warning CS8604: Possible null reference argument for parameter 'memory' in 'bool IWin32ModuleUnsafe.TryInvokeUnsafe(string export, ICpu cpu, VirtualMemory memory, out uint returnValue)'. [/home/runner/work/Win32Emu/Win32Emu/Win32Emu/Win32Emu.csproj]
/home/runner/work/Win32Emu/Win32Emu/Win32Emu/Emulator.cs(1221,79): warning CS8604: Possible null reference argument for parameter 'memory' in 'bool IWin32ModuleUnsafe.TryInvokeUnsafe(string export, ICpu cpu, VirtualMemory memory, out uint returnValue)'. [/home/runner/work/Win32Emu/Win32Emu/Win32Emu/Win32Emu.csproj]
/home/runner/work/Win32Emu/Win32Emu/Win32Emu/Emulator.cs(1231,75): warning CS8604: Possible null reference argument for parameter 'memory' in 'bool IWin32ModuleUnsafe.TryInvokeUnsafe(string export, ICpu cpu, VirtualMemory memory, out uint returnValue)'. [/home/runner/work/Win32Emu/Win32Emu/Win32Emu/Win32Emu.csproj]
/home/runner/work/Win32Emu/Win32Emu/Win32Emu/Emulator.cs(1241,77): warning CS8604: Possible null reference argument for parameter 'memory' in 'bool IWin32ModuleUnsafe.TryInvokeUnsafe(string export, ICpu cpu, VirtualMemory memory, out uint returnValue)'. [/home/runner/work/Win32Emu/Win32Emu/Win32Emu/Win32Emu.csproj]
/home/runner/work/Win32Emu/Win32Emu/Win32Emu/Emulator.cs(1251,76): warning CS8604: Possible null reference argument for parameter 'memory' in 'bool IWin32ModuleUnsafe.TryInvokeUnsafe(string export, ICpu cpu, VirtualMemory memory, out uint returnValue)'. [/home/runner/work/Win32Emu/Win32Emu/Win32Emu/Win32Emu.csproj]
/home/runner/work/Win32Emu/Win32Emu/Win32Emu/Emulator.cs(1261,76): warning CS8604: Possible null reference argument for parameter 'memory' in 'bool IWin32ModuleUnsafe.TryInvokeUnsafe(string export, ICpu cpu, VirtualMemory memory, out uint returnValue)'. [/home/runner/work/Win32Emu/Win32Emu/Win32Emu/Win32Emu.csproj]
/home/runner/work/Win32Emu/Win32Emu/Win32Emu/Emulator.cs(1271,73): warning CS8604: Possible null reference argument for parameter 'memory' in 'bool IWin32ModuleUnsafe.TryInvokeUnsafe(string export, ICpu cpu, VirtualMemory memory, out uint returnValue)'. [/home/runner/work/Win32Emu/Win32Emu/Win32Emu/Win32Emu.csproj]
/home/runner/work/Win32Emu/Win32Emu/Win32Emu/VirtualFileSystem/ChdBlockStream.cs(37,44): warning CS8625: Cannot convert null literal to non-nullable reference type. [/home/runner/work/Win32Emu/Win32Emu/Win32Emu/Win32Emu.csproj]
/home/runner/work/Win32Emu/Win32Emu/Win32Emu/Win32/ImportCallHelper.cs(77,25): error CS0103: The name 'StdCallMeta' does not exist in the current context [/home/runner/work/Win32Emu/Win32Emu/Win32Emu/Win32Emu.csproj]
/home/runner/work/Win32Emu/Win32Emu/Win32Emu/VirtualFileSystem/ChdBlockStream.cs(200,26): warning CS8625: Cannot convert null literal to non-nullable reference type. [/home/runner/work/Win32Emu/Win32Emu/Win32Emu/Win32Emu.csproj]
/home/runner/work/Win32Emu/Win32Emu/Win32Emu/VirtualFileSystem/ChdBlockStream.cs(205,32): warning CS8625: Cannot convert null literal to non-nullable reference type. [/home/runner/work/Win32Emu/Win32Emu/Win32Emu/Win32Emu.csproj]
/home/runner/work/Win32Emu/Win32Emu/Win32Emu/Win32/Modules/Comdlg32Module.cs(164,17): error CS0246: The type or namespace name 'OPENFILENAMEARef' could not be found (are you missing a using directive or an assembly reference?) [/home/runner/work/Win32Emu/Win32Emu/Win32Emu/Win32Emu.csproj]
/home/runner/work/Win32Emu/Win32Emu/Win32Emu/Emulator.cs(1604,18): warning CS8602: Dereference of a possibly null reference. [/home/runner/work/Win32Emu/Win32Emu/Win32Emu/Win32Emu.csproj]
/home/runner/work/Win32Emu/Win32Emu/Win32Emu/Emulator.cs(1610,25): warning CS8602: Dereference of a possibly null reference. [/home/runner/work/Win32Emu/Win32Emu/Win32Emu/Win32Emu.csproj]
/home/runner/work/Win32Emu/Win32Emu/Win32Emu/Win32/Modules/Comdlg32Module.cs(225,17): error CS0246: The type or namespace name 'OPENFILENAMEARef' could not be found (are you missing a using directive or an assembly reference?) [/home/runner/work/Win32Emu/Win32Emu/Win32Emu/Win32Emu.csproj]
/home/runner/work/Win32Emu/Win32Emu/Win32Emu/Win32/DialogTemplateParser.cs(289,8): warning CS0652: Comparison to integral constant is useless; the constant is outside the range of type 'ushort' [/home/runner/work/Win32Emu/Win32Emu/Win32Emu/Win32Emu.csproj]
/home/runner/work/Win32Emu/Win32Emu/Win32Emu/VirtualFileSystem/DiskVirtualFileSystem.cs(645,11): warning CS8619: Nullability of reference types in value of type 'string?[]' doesn't match target type 'string[]'. [/home/runner/work/Win32Emu/Win32Emu/Win32Emu/Win32Emu.csproj]
/home/runner/work/Win32Emu/Win32Emu/Win32Emu/Win32/Modules/WinspoolModule.cs(126,14): warning CS0219: The variable 'DM_IN_BUFFER' is assigned but its value is never used [/home/runner/work/Win32Emu/Win32Emu/Win32Emu/Win32Emu.csproj]
/home/runner/work/Win32Emu/Win32Emu/Win32Emu/Win32/Modules/WinspoolModule.cs(127,14): warning CS0219: The variable 'DM_OUT_BUFFER' is assigned but its value is never used [/home/runner/work/Win32Emu/Win32Emu/Win32Emu/Win32Emu.csproj]
/home/runner/work/Win32Emu/Win32Emu/Win32Emu/Cpu/Jit/JitCpu.cs(1670,5): warning CS0162: Unreachable code detected [/home/runner/work/Win32Emu/Win32Emu/Win32Emu/Win32Emu.csproj]
/home/runner/work/Win32Emu/Win32Emu/Win32Emu/Emulator.cs(2263,31): warning CS8602: Dereference of a possibly null reference. [/home/runner/work/Win32Emu/Win32Emu/Win32Emu/Win32Emu.csproj]
/home/runner/work/Win32Emu/Win32Emu/Win32Emu/Win32/Modules/DSoundModule.cs(676,19): error CS0246: The type or namespace name 'DSCAPSRef' could not be found (are you missing a using directive or an assembly reference?) [/home/runner/work/Win32Emu/Win32Emu/Win32Emu/Win32Emu.csproj]
/home/runner/work/Win32Emu/Win32Emu/Win32Emu/Win32/Modules/DSoundModule.cs(852,19): error CS0246: The type or namespace name 'DSBCAPSRef' could not be found (are you missing a using directive or an assembly reference?) [/home/runner/work/Win32Emu/Win32Emu/Win32Emu/Win32Emu.csproj]
/home/runner/work/Win32Emu/Win32Emu/Win32Emu/Win32/Modules/Glide2xModule.cs(1588,5): warning CS8602: Dereference of a possibly null reference. [/home/runner/work/Win32Emu/Win32Emu/Win32Emu/Win32Emu.csproj]
/home/runner/work/Win32Emu/Win32Emu/Win32Emu/Emulator.cs(3283,17): warning CS8604: Possible null reference argument for parameter 'cpu' in 'bool CpuHelpers.InvokeWithRegisterPreservation(ICpu cpu, VirtualMemory memory, Func<(bool success, uint returnValue, int argBytes)> invokeFunc, ulong memorySize, ILogger? logger = null, string context = "API call", LoadedImage? loadedImage = null)'. [/home/runner/work/Win32Emu/Win32Emu/Win32Emu/Win32Emu.csproj]
/home/runner/work/Win32Emu/Win32Emu/Win32Emu/Emulator.cs(3286,75): warning CS8604: Possible null reference argument for parameter 'cpu' in 'bool Win32Dispatcher.TryInvoke(string dll, string export, ICpu cpu, VirtualMemory memory, out uint returnValue, out int stdcallArgBytes)'. [/home/runner/work/Win32Emu/Win32Emu/Win32Emu/Win32Emu.csproj]
/home/runner/work/Win32Emu/Win32Emu/Win32Emu/Emulator.cs(3309,72): warning CS8602: Dereference of a possibly null reference. [/home/runner/work/Win32Emu/Win32Emu/Win32Emu/Win32Emu.csproj]
/home/runner/work/Win32Emu/Win32Emu/Win32Emu/Win32/Modules/MsvcrtModule.cs(3756,27): error CS0103: The name 'StdCallMeta' does not exist in the current context [/home/runner/work/Win32Emu/Win32Emu/Win32Emu/Win32Emu.csproj]
/home/runner/work/Win32Emu/Win32Emu/Win32Emu/Win32/ProcessEnvironment.cs(2880,37): warning CS8600: Converting null literal or possible null value to non-nullable type. [/home/runner/work/Win32Emu/Win32Emu/Win32Emu/Win32Emu.csproj]
/home/runner/work/Win32Emu/Win32Emu/Win32Emu/Win32/Modules/Kernel32Module.cs(1588,14): warning CS0219: The variable 'FORMAT_MESSAGE_FROM_SYSTEM' is assigned but its value is never used [/home/runner/work/Win32Emu/Win32Emu/Win32Emu/Win32Emu.csproj]
/home/runner/work/Win32Emu/Win32Emu/Win32Emu/Win32/Modules/Kernel32Module.cs(1589,14): warning CS0219: The variable 'FORMAT_MESSAGE_IGNORE_INSERTS' is assigned but its value is never used [/home/runner/work/Win32Emu/Win32Emu/Win32Emu/Win32Emu.csproj]
/home/runner/work/Win32Emu/Win32Emu/Win32Emu/Win32/Modules/Kernel32Module.cs(1590,14): warning CS0219: The variable 'FORMAT_MESSAGE_FROM_STRING' is assigned but its value is never used [/home/runner/work/Win32Emu/Win32Emu/Win32Emu/Win32Emu.csproj]
/home/runner/work/Win32Emu/Win32Emu/Win32Emu/Win32/Modules/Kernel32Module.cs(2062,17): error CS0103: The name 'DllModuleExportInfo' does not exist in the current context [/home/runner/work/Win32Emu/Win32Emu/Win32Emu/Win32Emu.csproj]
/home/runner/work/Win32Emu/Win32Emu/Win32Emu/Win32/Modules/Kernel32Module.cs(2149,8): error CS0103: The name 'KnownSystemDlls' does not exist in the current context [/home/runner/work/Win32Emu/Win32Emu/Win32Emu/Win32Emu.csproj]
/home/runner/work/Win32Emu/Win32Emu/Win32Emu/Win32/Modules/Gdi32Module.cs(3837,26): error CS0246: The type or namespace name 'TEXTMETRICWRef' could not be found (are you missing a using directive or an assembly reference?) [/home/runner/work/Win32Emu/Win32Emu/Win32Emu/Win32Emu.csproj]
/home/runner/work/Win32Emu/Win32Emu/Win32Emu/Win32/Modules/Kernel32Module.cs(2284,22): error CS0103: The name 'DllModuleExportInfo' does not exist in the current context [/home/runner/work/Win32Emu/Win32Emu/Win32Emu/Win32Emu.csproj]
/home/runner/work/Win32Emu/Win32Emu/Win32Emu/Win32/Modules/Kernel32Module.cs(2293,8): error CS0103: The name 'DllModuleExportInfo' does not exist in the current context [/home/runner/work/Win32Emu/Win32Emu/Win32Emu/Win32Emu.csproj]
/home/runner/work/Win32Emu/Win32Emu/Win32Emu/Win32/Modules/Kernel32Module.cs(2315,21): error CS0103: The name 'DllModuleExportInfo' does not exist in the current context [/home/runner/work/Win32Emu/Win32Emu/Win32Emu/Win32Emu.csproj]
/home/runner/work/Win32Emu/Win32Emu/Win32Emu/Win32/Modules/Kernel32Module.cs(2987,7): warning CS0472: The result of the expression is always 'false' since a value of type 'uint' is never equal to 'null' of type 'uint?' [/home/runner/work/Win32Emu/Win32Emu/Win32Emu/Win32Emu.csproj]
/home/runner/work/Win32Emu/Win32Emu/Win32Emu/Win32/Modules/DDrawModule.cs(4375,25): warning CS8602: Dereference of a possibly null reference. [/home/runner/work/Win32Emu/Win32Emu/Win32Emu/Win32Emu.csproj]
/home/runner/work/Win32Emu/Win32Emu/Win32Emu/Win32/Modules/User32Module.cs(2632,5): warning CS8604: Possible null reference argument for parameter 'cpu' in '(uint returnValue, bool timedOut, bool failed) User32Module.ExecuteStdCallProcedure(ICpu cpu, VirtualMemory memory, uint procedureAddress, uint[] parameters, string contextName)'. [/home/runner/work/Win32Emu/Win32Emu/Win32Emu/Win32Emu.csproj]
/home/runner/work/Win32Emu/Win32Emu/Win32Emu/Win32/Modules/User32Module.cs(2632,11): warning CS8604: Possible null reference argument for parameter 'memory' in '(uint returnValue, bool timedOut, bool failed) User32Module.ExecuteStdCallProcedure(ICpu cpu, VirtualMemory memory, uint procedureAddress, uint[] parameters, string contextName)'. [/home/runner/work/Win32Emu/Win32Emu/Win32Emu/Win32Emu.csproj]
/home/runner/work/Win32Emu/Win32Emu/Win32Emu/Win32/Modules/User32Module.cs(3054,5): warning CS8604: Possible null reference argument for parameter 'cpu' in 'Task<(uint returnValue, bool timedOut, bool cancelled, bool failed)> User32Module.ExecuteStdCallProcedureAsync(ICpu cpu, VirtualMemory memory, uint procedureAddress, uint[] parameters, string contextName, CancellationToken cancellationToken = default(CancellationToken))'. [/home/runner/work/Win32Emu/Win32Emu/Win32Emu/Win32Emu.csproj]
/home/runner/work/Win32Emu/Win32Emu/Win32Emu/Win32/Modules/User32Module.cs(3054,11): warning CS8604: Possible null reference argument for parameter 'memory' in 'Task<(uint returnValue, bool timedOut, bool cancelled, bool failed)> User32Module.ExecuteStdCallProcedureAsync(ICpu cpu, VirtualMemory memory, uint procedureAddress, uint[] parameters, string contextName, CancellationToken cancellationToken = default(CancellationToken))'. [/home/runner/work/Win32Emu/Win32Emu/Win32Emu/Win32Emu.csproj]
/home/runner/work/Win32Emu/Win32Emu/Win32Emu/Win32/Modules/Kernel32Module.cs(5770,21): error CS0246: The type or namespace name 'SystemInfoRef' could not be found (are you missing a using directive or an assembly reference?) [/home/runner/work/Win32Emu/Win32Emu/Win32Emu/Win32Emu.csproj]
/home/runner/work/Win32Emu/Win32Emu/Win32Emu/Win32/Modules/Kernel32Module.cs(5887,4): warning CS8602: Dereference of a possibly null reference. [/home/runner/work/Win32Emu/Win32Emu/Win32Emu/Win32Emu.csproj]
/home/runner/work/Win32Emu/Win32Emu/Win32Emu/Win32/Modules/Kernel32Module.cs(5906,4): warning CS8602: Dereference of a possibly null reference. [/home/runner/work/Win32Emu/Win32Emu/Win32Emu/Win32Emu.csproj]
/home/runner/work/Win32Emu/Win32Emu/Win32Emu/Win32/Modules/User32Module.cs(3750,19): error CS0246: The type or namespace name 'MSGRef' could not be found (are you missing a using directive or an assembly reference?) [/home/runner/work/Win32Emu/Win32Emu/Win32Emu/Win32Emu.csproj]
/home/runner/work/Win32Emu/Win32Emu/Win32Emu/Win32/Modules/User32Module.cs(3782,20): error CS0246: The type or namespace name 'MSGRef' could not be found (are you missing a using directive or an assembly reference?) [/home/runner/work/Win32Emu/Win32Emu/Win32Emu/Win32Emu.csproj]
/home/runner/work/Win32Emu/Win32Emu/Win32Emu/Win32/Modules/Kernel32Module.cs(6717,29): error CS0246: The type or namespace name 'CriticalSectionRef' could not be found (are you missing a using directive or an assembly reference?) [/home/runner/work/Win32Emu/Win32Emu/Win32Emu/Win32Emu.csproj]
/home/runner/work/Win32Emu/Win32Emu/Win32Emu/Win32/Modules/Kernel32Module.cs(6742,29): error CS0246: The type or namespace name 'CriticalSectionRef' could not be found (are you missing a using directive or an assembly reference?) [/home/runner/work/Win32Emu/Win32Emu/Win32Emu/Win32Emu.csproj]
/home/runner/work/Win32Emu/Win32Emu/Win32Emu/Win32/Modules/Kernel32Module.cs(6771,29): error CS0246: The type or namespace name 'CriticalSectionRef' could not be found (are you missing a using directive or an assembly reference?) [/home/runner/work/Win32Emu/Win32Emu/Win32Emu/Win32Emu.csproj]
/home/runner/work/Win32Emu/Win32Emu/Win32Emu/Win32/Modules/Kernel32Module.cs(6809,29): error CS0246: The type or namespace name 'CriticalSectionRef' could not be found (are you missing a using directive or an assembly reference?) [/home/runner/work/Win32Emu/Win32Emu/Win32Emu/Win32Emu.csproj]
/home/runner/work/Win32Emu/Win32Emu/Win32Emu/Win32/Modules/Kernel32Module.cs(7235,14): warning CS0219: The variable 'IOCTL_CDROM_BASE' is assigned but its value is never used [/home/runner/work/Win32Emu/Win32Emu/Win32Emu/Win32Emu.csproj]
/home/runner/work/Win32Emu/Win32Emu/Win32Emu/Win32/Modules/Kernel32Module.cs(7236,14): warning CS0219: The variable 'METHOD_BUFFERED' is assigned but its value is never used [/home/runner/work/Win32Emu/Win32Emu/Win32Emu/Win32Emu.csproj]
/home/runner/work/Win32Emu/Win32Emu/Win32Emu/Win32/Modules/Kernel32Module.cs(7237,14): warning CS0219: The variable 'FILE_READ_ACCESS' is assigned but its value is never used [/home/runner/work/Win32Emu/Win32Emu/Win32Emu/Win32Emu.csproj]
/home/runner/work/Win32Emu/Win32Emu/Win32Emu/Win32/Modules/Kernel32Module.cs(8007,14): warning CS0219: The variable 'INVALID_FILE_SIZE' is assigned but its value is never used [/home/runner/work/Win32Emu/Win32Emu/Win32Emu/Win32Emu.csproj]
/home/runner/work/Win32Emu/Win32Emu/Win32Emu/Win32/Modules/Kernel32Module.cs(10084,17): error CS0103: The name 'DllModuleExportInfo' does not exist in the current context [/home/runner/work/Win32Emu/Win32Emu/Win32Emu/Win32Emu.csproj]
/home/runner/work/Win32Emu/Win32Emu/Win32Emu/Win32/Modules/Kernel32Module.cs(10477,18): error CS0246: The type or namespace name 'SMALL_RECTRef' could not be found (are you missing a using directive or an assembly reference?) [/home/runner/work/Win32Emu/Win32Emu/Win32Emu/Win32Emu.csproj]
/home/runner/work/Win32Emu/Win32Emu/Win32Emu/Win32/Modules/User32Module.cs(7530,16): warning CS0219: The variable 'SCROLLINFO_CBSIZE_OFFSET' is assigned but its value is never used [/home/runner/work/Win32Emu/Win32Emu/Win32Emu/Win32Emu.csproj]
/home/runner/work/Win32Emu/Win32Emu/Win32Emu/Win32/Modules/Kernel32Module.cs(11357,17): error CS0246: The type or namespace name 'FILETIMERef' could not be found (are you missing a using directive or an assembly reference?) [/home/runner/work/Win32Emu/Win32Emu/Win32Emu/Win32Emu.csproj]
/home/runner/work/Win32Emu/Win32Emu/Win32Emu/Win32/Modules/Kernel32Module.cs(11358,17): error CS0246: The type or namespace name 'FILETIMERef' could not be found (are you missing a using directive or an assembly reference?) [/home/runner/work/Win32Emu/Win32Emu/Win32Emu/Win32Emu.csproj]
/home/runner/work/Win32Emu/Win32Emu/Win32Emu/Win32/Modules/User32Module.cs(8722,20): error CS0246: The type or namespace name 'RECTRef' could not be found (are you missing a using directive or an assembly reference?) [/home/runner/work/Win32Emu/Win32Emu/Win32Emu/Win32Emu.csproj]
/home/runner/work/Win32Emu/Win32Emu/Win32Emu/Win32/Modules/User32Module.cs(8723,20): error CS0246: The type or namespace name 'RECTRef' could not be found (are you missing a using directive or an assembly reference?) [/home/runner/work/Win32Emu/Win32Emu/Win32Emu/Win32Emu.csproj]
/home/runner/work/Win32Emu/Win32Emu/Win32Emu/Win32/Modules/User32Module.cs(8724,21): error CS0246: The type or namespace name 'RECTRef' could not be found (are you missing a using directive or an assembly reference?) [/home/runner/work/Win32Emu/Win32Emu/Win32Emu/Win32Emu.csproj]
/home/runner/work/Win32Emu/Win32Emu/Win32Emu/Win32/Modules/User32Module.cs(8791,27): error CS0246: The type or namespace name 'MSGBOXPARAMSRef' could not be found (are you missing a using directive or an assembly reference?) [/home/runner/work/Win32Emu/Win32Emu/Win32Emu/Win32Emu.csproj]
/home/runner/work/Win32Emu/Win32Emu/Win32Emu/Win32/Modules/User32Module.cs(8815,19): error CS0246: The type or namespace name 'RECTRef' could not be found (are you missing a using directive or an assembly reference?) [/home/runner/work/Win32Emu/Win32Emu/Win32Emu/Win32Emu.csproj]
/home/runner/work/Win32Emu/Win32Emu/Win32Emu/Win32/Modules/User32Module.cs(8897,20): error CS0246: The type or namespace name 'RECTRef' could not be found (are you missing a using directive or an assembly reference?) [/home/runner/work/Win32Emu/Win32Emu/Win32Emu/Win32Emu.csproj]
/home/runner/work/Win32Emu/Win32Emu/Win32Emu/Win32/Modules/User32Module.cs(8898,20): error CS0246: The type or namespace name 'RECTRef' could not be found (are you missing a using directive or an assembly reference?) [/home/runner/work/Win32Emu/Win32Emu/Win32Emu/Win32Emu.csproj]
/home/runner/work/Win32Emu/Win32Emu/Win32Emu/Win32/Modules/User32Module.cs(8899,21): error CS0246: The type or namespace name 'RECTRef' could not be found (are you missing a using directive or an assembly reference?) [/home/runner/work/Win32Emu/Win32Emu/Win32Emu/Win32Emu.csproj]
/home/runner/work/Win32Emu/Win32Emu/Win32Emu/Win32/Modules/Glide2xModule.cs(83,16): warning CS0169: The field 'Glide2XModule._currentTextureTMU1' is never used [/home/runner/work/Win32Emu/Win32Emu/Win32Emu/Win32Emu.csproj]
/home/runner/work/Win32Emu/Win32Emu/Win32Emu/Loader/PeIconExtractor.cs(32,15): warning CS0649: Field 'PeIconExtractor.IconDirEntry.Height' is never assigned to, and will always have its default value 0 [/home/runner/work/Win32Emu/Win32Emu/Win32Emu/Win32Emu.csproj]
/home/runner/work/Win32Emu/Win32Emu/Win32Emu/Loader/PeIconExtractor.cs(21,17): warning CS0649: Field 'PeIconExtractor.IconDir.Reserved' is never assigned to, and will always have its default value 0 [/home/runner/work/Win32Emu/Win32Emu/Win32Emu/Win32Emu.csproj]
/home/runner/work/Win32Emu/Win32Emu/Win32Emu/Win32/Modules/VeriteModule.cs(30,16): warning CS0169: The field 'VeriteModule._veriteHandle' is never used [/home/runner/work/Win32Emu/Win32Emu/Win32Emu/Win32Emu.csproj]
/home/runner/work/Win32Emu/Win32Emu/Win32Emu/Loader/PeIconExtractor.cs(23,17): warning CS0649: Field 'PeIconExtractor.IconDir.Count' is never assigned to, and will always have its default value 0 [/home/runner/work/Win32Emu/Win32Emu/Win32Emu/Win32Emu.csproj]
/home/runner/work/Win32Emu/Win32Emu/Win32Emu/Loader/PeIconExtractor.cs(34,15): warning CS0649: Field 'PeIconExtractor.IconDirEntry.Reserved' is never assigned to, and will always have its default value 0 [/home/runner/work/Win32Emu/Win32Emu/Win32Emu/Win32Emu.csproj]
/home/runner/work/Win32Emu/Win32Emu/Win32Emu/Win32/Modules/Glide2xModule.cs(73,16): warning CS0169: The field 'Glide2XModule._ditherEnabled' is never used [/home/runner/work/Win32Emu/Win32Emu/Win32Emu/Win32Emu.csproj]
/home/runner/work/Win32Emu/Win32Emu/Win32Emu/Loader/PeIconExtractor.cs(22,17): warning CS0649: Field 'PeIconExtractor.IconDir.Type' is never assigned to, and will always have its default value 0 [/home/runner/work/Win32Emu/Win32Emu/Win32Emu/Win32Emu.csproj]
/home/runner/work/Win32Emu/Win32Emu/Win32Emu/Win32/Modules/VeriteModule.cs(29,16): warning CS0169: The field 'VeriteModule._veriteCreated' is never used [/home/runner/work/Win32Emu/Win32Emu/Win32Emu/Win32Emu.csproj]
/home/runner/work/Win32Emu/Win32Emu/Win32Emu/Loader/PeIconExtractor.cs(37,15): warning CS0649: Field 'PeIconExtractor.IconDirEntry.BytesInRes' is never assigned to, and will always have its default value 0 [/home/runner/work/Win32Emu/Win32Emu/Win32Emu/Win32Emu.csproj]
/home/runner/work/Win32Emu/Win32Emu/Win32Emu/Loader/PeIconExtractor.cs(31,15): warning CS0649: Field 'PeIconExtractor.IconDirEntry.Width' is never assigned to, and will always have its default value 0 [/home/runner/work/Win32Emu/Win32Emu/Win32Emu/Win32Emu.csproj]
/home/runner/work/Win32Emu/Win32Emu/Win32Emu/Loader/PeIconExtractor.cs(33,15): warning CS0649: Field 'PeIconExtractor.IconDirEntry.ColorCount' is never assigned to, and will always have its default value 0 [/home/runner/work/Win32Emu/Win32Emu/Win32Emu/Win32Emu.csproj]
/home/runner/work/Win32Emu/Win32Emu/Win32Emu/Loader/PeIconExtractor.cs(35,17): warning CS0649: Field 'PeIconExtractor.IconDirEntry.Planes' is never assigned to, and will always have its default value 0 [/home/runner/work/Win32Emu/Win32Emu/Win32Emu/Win32Emu.csproj]
/home/runner/work/Win32Emu/Win32Emu/Win32Emu/Loader/PeIconExtractor.cs(38,15): warning CS0649: Field 'PeIconExtractor.IconDirEntry.ImageOffset' is never assigned to, and will always have its default value 0 [/home/runner/work/Win32Emu/Win32Emu/Win32Emu/Win32Emu.csproj]
/home/runner/work/Win32Emu/Win32Emu/Win32Emu/Loader/PeIconExtractor.cs(36,17): warning CS0649: Field 'PeIconExtractor.IconDirEntry.BitCount' is never assigned to, and will always have its default value 0 [/home/runner/work/Win32Emu/Win32Emu/Win32Emu/Win32Emu.csproj]
/home/runner/work/Win32Emu/Win32Emu/Win32Emu/Win32/Modules/Glide2xModule.cs(74,16): warning CS0169: The field 'Glide2XModule._alphaTestEnabled' is never used [/home/runner/work/Win32Emu/Win32Emu/Win32Emu/Win32Emu.csproj]
/home/runner/work/Win32Emu/Win32Emu/Win32Emu/Win32/ProcessEnvironment.cs(595,15): warning CS0414: The field 'ProcessEnvironment._nextRegistryHandle' is assigned but its value is never used [/home/runner/work/Win32Emu/Win32Emu/Win32Emu/Win32Emu.csproj]
/home/runner/work/Win32Emu/Win32Emu/Win32Emu/Win32/Modules/DInput8Module.cs(28,16): warning CS0414: The field 'DInput8Module._nextDInputHandle' is assigned but its value is never used [/home/runner/work/Win32Emu/Win32Emu/Win32Emu/Win32Emu.csproj]
/home/runner/work/Win32Emu/Win32Emu/Win32Emu/Win32/Modules/DInput8Module.cs(29,16): warning CS0414: The field 'DInput8Module._nextDeviceHandle' is assigned but its value is never used [/home/runner/work/Win32Emu/Win32Emu/Win32Emu/Win32Emu.csproj]
/home/runner/work/Win32Emu/Win32Emu/Win32Emu/Debugging/GdbServer.cs(34,18): warning CS0414: The field 'GdbServer._isRunning' is assigned but its value is never used [/home/runner/work/Win32Emu/Win32Emu/Win32Emu/Win32Emu.csproj]
/home/runner/work/Win32Emu/Win32Emu/Win32Emu/Debugging/GdbServer.cs(270,19): warning CA2022: Avoid inexact read with 'System.Net.Sockets.NetworkStream.ReadAsync(System.Memory<byte>, System.Threading.CancellationToken)' (https://learn.microsoft.com/dotnet/fundamentals/code-analysis/quality-rules/ca2022) [/home/runner/work/Win32Emu/Win32Emu/Win32Emu/Win32Emu.csproj]

The build failed. Fix the build errors and run again.
