info: Win32Emu.Emulator[0]
      Launching game: ign_3dfx /Users/pierce/RiderProjects/Win32Emu/EXEs/ign_win/ign_3dfx.exe
info: Win32Emu.Emulator[0]
      Set rendering backend to: GLFW
info: Win32Emu.Emulator[0]
      [EmulatorService] Using existing virtual disk: /Users/pierce/Library/Application Support/Win32Emu/VirtualDisks/ign_3dfx.vhd
info: Win32Emu.Emulator[0]
      [EmulatorService] Loading executable: C:\ign_win\ign_3dfx.exe
info: Win32Emu.Emulator[0]
      [Loader] Extracting executable from virtual disk: C:\ign_win\ign_3dfx.exe
info: Win32Emu.Emulator[0]
      [DiskVFS] Mounted VHD: /Users/pierce/Library/Application Support/Win32Emu/VirtualDisks/ign_3dfx.vhd (Read-Write)
info: Win32Emu.Emulator[0]
      [Loader] Extracted 642560 bytes from virtual disk
info: Win32Emu.Emulator[0]
      [DiskVFS] Disposed
info: Win32Emu.Emulator[0]
      [Loader] Host OS: Darwin 25.0.0 Darwin Kernel Version 25.0.0: Wed Sep 17 21:35:32 PDT 2025; root:xnu-12377.1.9~141/RELEASE_ARM64_T6020
info: Win32Emu.Emulator[0]
      [Loader] Host OS Architecture: Arm64
info: Win32Emu.Emulator[0]
      [Loader] Host Process Architecture: Arm64
info: Win32Emu.Emulator[0]
      [Loader] Host Framework: .NET 9.0.10
info: Win32Emu.Emulator[0]
      [Loader] Host Runtime Identifier: osx-arm64
info: Win32Emu.Emulator[0]
      [Memory] Configured size: 256 MB, Address space: 4096 MB (sparse, pages allocated on-demand)
info: Win32Emu.Emulator[0]
      [Loader] Created syscall dispatcher at 0x0E000000
info: Win32Emu.Emulator[0]
      [Loader] Import mapping complete: 136 imports mapped to addresses 0x0F000000 - 0x0F000870
info: Win32Emu.Emulator[0]
      [Loader] IAT verification passed: all 136 entries are correct
info: Win32Emu.Emulator[0]
      [Loader] Registered 136 IAT entries for runtime protection
info: Win32Emu.Emulator[0]
      [Loader] Extracted 7 sections from PE file
info: Win32Emu.Emulator[0]
      [RegistryHive] Created in-memory hive: SYSTEM
info: Win32Emu.Emulator[0]
      [RegistryHive] Created in-memory hive: SOFTWARE
info: Win32Emu.Emulator[0]
      [RegistryHive] Created in-memory hive: NTUSER.DAT
info: Win32Emu.Emulator[0]
      [RegistryHive] Initialized 3 registry hives
info: Win32Emu.Emulator[0]
      [RegistryHive] Initialized system environment variables
info: Win32Emu.Emulator[0]
      [RegistryHive] Initialized user environment variables
info: Win32Emu.Emulator[0]
      [ProcessEnv] Registry hive initialized
info: Win32Emu.Emulator[0]
      [ProcessEnv] Synced environment variables from registry
info: Win32Emu.Emulator[0]
      [ProcessEnv] Pre-registered standard control class: BUTTON with WndProc=0x0D000000
info: Win32Emu.Emulator[0]
      [ProcessEnv] Pre-registered standard control class: EDIT with WndProc=0x0D000001
info: Win32Emu.Emulator[0]
      [ProcessEnv] Pre-registered standard control class: STATIC with WndProc=0x0D000002
info: Win32Emu.Emulator[0]
      [ProcessEnv] Pre-registered standard control class: LISTBOX with WndProc=0x0D000003
info: Win32Emu.Emulator[0]
      [ProcessEnv] Pre-registered standard control class: COMBOBOX with WndProc=0x0D000004
info: Win32Emu.Emulator[0]
      [ProcessEnv] Pre-registered standard control class: SCROLLBAR with WndProc=0x0D000005
info: Win32Emu.Emulator[0]
      [ProcessEnv] Pre-registered standard control class: MDICLIENT with WndProc=0x0D000006
info: Win32Emu.Emulator[0]
      [ProcessEnv] Pre-registered standard control class: COMBOLBOX with WndProc=0x0D000007
info: Win32Emu.Emulator[0]
      [ProcessEnv] Pre-registered standard control class: DDEMLEVENT with WndProc=0x0D000008
info: Win32Emu.Emulator[0]
      [ProcessEnv] Pre-registered standard control class: MESSAGE with WndProc=0x0D000009
info: Win32Emu.Emulator[0]
      [ProcessEnv] Pre-registered standard control class: #32768 with WndProc=0x0D00000A
info: Win32Emu.Emulator[0]
      [ProcessEnv] Pre-registered standard control class: #32769 with WndProc=0x0D00000B
info: Win32Emu.Emulator[0]
      [ProcessEnv] Pre-registered standard control class: #32770 with WndProc=0x0D00000C
info: Win32Emu.Emulator[0]
      [ProcessEnv] Pre-registered standard control class: #32771 with WndProc=0x0D00000D
info: Win32Emu.Emulator[0]
      [ProcessEnv] Pre-registered standard control class: #32772 with WndProc=0x0D00000E
info: Win32Emu.Emulator[0]
      [Loader] Initializing virtual file system with disk: /Users/pierce/Library/Application Support/Win32Emu/VirtualDisks/ign_3dfx.vhd
info: Win32Emu.Emulator[0]
      [DiskVFS] Mounted VHD: /Users/pierce/Library/Application Support/Win32Emu/VirtualDisks/ign_3dfx.vhd (Read-Write)
info: Win32Emu.Emulator[0]
      [ProcessEnv] Virtual File System initialized with disk: /Users/pierce/Library/Application Support/Win32Emu/VirtualDisks/ign_3dfx.vhd
info: Win32Emu.Emulator[0]
      [RegistryHive] Disposed registry hive manager
info: Win32Emu.Emulator[0]
      [RegistryHive] Created in-memory hive: SYSTEM
info: Win32Emu.Emulator[0]
      [RegistryHive] Created in-memory hive: SOFTWARE
info: Win32Emu.Emulator[0]
      [RegistryHive] Created in-memory hive: NTUSER.DAT
info: Win32Emu.Emulator[0]
      [RegistryHive] Initialized 3 registry hives
info: Win32Emu.Emulator[0]
      [RegistryHive] Initialized system environment variables
info: Win32Emu.Emulator[0]
      [RegistryHive] Initialized user environment variables
info: Win32Emu.Emulator[0]
      [ProcessEnv] Registry hive initialized
info: Win32Emu.Emulator[0]
      [ProcessEnv] Synced environment variables from registry
info: Win32Emu.Emulator[0]
      [Loader] Virtual file system initialized successfully
info: Win32Emu.Emulator[0]
      [ProcessEnv] Registered main executable: C:\ign_win\ign_3dfx.exe at 0x00400000
info: Win32Emu.Emulator[0]
      [ProcessEnv] Set current directory to: C:\ign_win
info: Win32Emu.Emulator[0]
      [ProcessEnv] TEB allocated at 0x01000040
info: Win32Emu.Emulator[0]
      [ProcessEnv] PEB allocated at 0x01001040
info: Win32Emu.Emulator[0]
      [ProcessEnvironment] Detected GUI subsystem, no console allocated
info: Win32Emu.Emulator[0]
      [Loader] Selected CPU Emulator: IcedCpu
info: Win32Emu.Emulator[0]
      [Loader] Stack initialized: Base=0x00200000 Limit=0x00100000 ESP=0x001FF000 Reserve=0x100000 Commit=0x1000
info: Win32Emu.Emulator[0]
      [Loader] Heap base: 0x01000000
info: Win32Emu.Emulator[0]
      [ThreadScheduler] Initialized main thread 1 (handle=0x00001000)
info: Win32Emu.Emulator[0]
      [ProcessEnv] Main thread initialized with ID=1
info: Win32Emu.Emulator[0]
      [Syscall] KERNEL32.DLL!GetVersion from stub at 0x0F000040
info: Win32Emu.Emulator[0]
      [Syscall] BEFORE API: Return address at 0x001FEF84 = 0x0046044C
info: Win32Emu.Emulator[0]
      Dispatching KERNEL32.DLL!GetVersion at EIP=0x0E000002 ESP=0x001FEF84 stack=4C 04 46 00 00 00 00 00 00 00 00 00 00 00 00 00
info: Win32Emu.Emulator[0]
      [Dispatcher] KERNEL32.DLL!GetVersion returned 0x040003B6, argBytes=0
info: Win32Emu.Emulator[0]
      [Syscall] AFTER API: Return address at 0x001FEF84 = 0x0046044C
info: Win32Emu.Emulator[0]
      [Syscall] KERNEL32.DLL!HeapCreate from stub at 0x0F000310
info: Win32Emu.Emulator[0]
      [Syscall] BEFORE API: Return address at 0x001FEF74 = 0x0046361F
info: Win32Emu.Emulator[0]
      Dispatching KERNEL32.DLL!HeapCreate at EIP=0x0E000002 ESP=0x001FEF74 stack=1F 36 46 00 01 00 00 00 00 10 00 00 00 00 00 00
info: Win32Emu.Emulator[0]
      [Dispatcher] KERNEL32.DLL!HeapCreate returned 0x01002040, argBytes=12
info: Win32Emu.Emulator[0]
      [Syscall] AFTER API: Return address at 0x001FEF74 = 0x0046361F
info: Win32Emu.Emulator[0]
      [Syscall] KERNEL32.DLL!VirtualAlloc from stub at 0x0F000330
info: Win32Emu.Emulator[0]
      [Syscall] BEFORE API: Return address at 0x001FEF60 = 0x00463697
info: Win32Emu.Emulator[0]
      Dispatching KERNEL32.DLL!VirtualAlloc at EIP=0x0E000002 ESP=0x001FEF60 stack=97 36 46 00 00 00 00 00 00 00 40 00 00 20 00 00
info: Win32Emu.Emulator[0]
      [Kernel32] VirtualAlloc(lpAddress=0x00000000, dwSize=0x00400000, alloc=0x00002000, protect=0x00000004)
info: Win32Emu.Emulator[0]
      [ProcessEnv] VirtualAlloc(lp=0x00000000, size=0x00400000, alloc=0x00002000, prot=0x00000004)
info: Win32Emu.Emulator[0]
      [ProcessEnv] VirtualAlloc: allocated at 0x01010000, size=0x00400000, reserve=True, commit=False, topDown=False
info: Win32Emu.Emulator[0]
      [Kernel32] VirtualAlloc -> 0x01010000
info: Win32Emu.Emulator[0]
      [Dispatcher] KERNEL32.DLL!VirtualAlloc returned 0x01010000, argBytes=16
info: Win32Emu.Emulator[0]
      [Syscall] AFTER API: Return address at 0x001FEF60 = 0x00463697
info: Win32Emu.Emulator[0]
      [Syscall] KERNEL32.DLL!VirtualAlloc from stub at 0x0F000330
info: Win32Emu.Emulator[0]
      [Syscall] BEFORE API: Return address at 0x001FEF60 = 0x004636B0
info: Win32Emu.Emulator[0]
      Dispatching KERNEL32.DLL!VirtualAlloc at EIP=0x0E000002 ESP=0x001FEF60 stack=B0 36 46 00 00 00 01 01 00 00 01 00 00 10 00 00
info: Win32Emu.Emulator[0]
      [Kernel32] VirtualAlloc(lpAddress=0x01010000, dwSize=0x00010000, alloc=0x00001000, protect=0x00000004)
info: Win32Emu.Emulator[0]
      [ProcessEnv] VirtualAlloc(lp=0x01010000, size=0x00010000, alloc=0x00001000, prot=0x00000004)
info: Win32Emu.Emulator[0]
      [ProcessEnv] VirtualAlloc: Re-committing already allocated region at 0x01010000
info: Win32Emu.Emulator[0]
      [ProcessEnv] VirtualAlloc: Allocated 0x10000 bytes at specific address 0x01010000 (reserve=False, commit=True)
info: Win32Emu.Emulator[0]
      [Kernel32] VirtualAlloc -> 0x01010000
info: Win32Emu.Emulator[0]
      [Dispatcher] KERNEL32.DLL!VirtualAlloc returned 0x01010000, argBytes=16
info: Win32Emu.Emulator[0]
      [Syscall] AFTER API: Return address at 0x001FEF60 = 0x004636B0
info: Win32Emu.Emulator[0]
      [Syscall] KERNEL32.DLL!GetStartupInfoA from stub at 0x0F000240
info: Win32Emu.Emulator[0]
      [Syscall] BEFORE API: Return address at 0x001FEF24 = 0x004664DB
info: Win32Emu.Emulator[0]
      Dispatching KERNEL32.DLL!GetStartupInfoA at EIP=0x0E000002 ESP=0x001FEF24 stack=DB 64 46 00 40 EF 1F 00 00 00 00 00 00 00 00 00
info: Win32Emu.Emulator[0]
      [Dispatcher] KERNEL32.DLL!GetStartupInfoA returned 0x00000000, argBytes=4
info: Win32Emu.Emulator[0]
      [Syscall] AFTER API: Return address at 0x001FEF24 = 0x004664DB
info: Win32Emu.Emulator[0]
      [Syscall] KERNEL32.DLL!GetStdHandle from stub at 0x0F0000A0
info: Win32Emu.Emulator[0]
      [Syscall] BEFORE API: Return address at 0x001FEF24 = 0x0046660E
info: Win32Emu.Emulator[0]
      Dispatching KERNEL32.DLL!GetStdHandle at EIP=0x0E000002 ESP=0x001FEF24 stack=0E 66 46 00 F6 FF FF FF 00 00 00 00 00 00 00 00
info: Win32Emu.Emulator[0]
      [Dispatcher] KERNEL32.DLL!GetStdHandle returned 0x00000000, argBytes=4
info: Win32Emu.Emulator[0]
      [Syscall] AFTER API: Return address at 0x001FEF24 = 0x0046660E
info: Win32Emu.Emulator[0]
      [Syscall] KERNEL32.DLL!GetFileType from stub at 0x0F000020
info: Win32Emu.Emulator[0]
      [Syscall] BEFORE API: Return address at 0x001FEF24 = 0x0046661C
info: Win32Emu.Emulator[0]
      Dispatching KERNEL32.DLL!GetFileType at EIP=0x0E000002 ESP=0x001FEF24 stack=1C 66 46 00 00 00 00 00 00 00 00 00 00 00 00 00
info: Win32Emu.Emulator[0]
      [Dispatcher] KERNEL32.DLL!GetFileType returned 0x00000000, argBytes=4
info: Win32Emu.Emulator[0]
      [Syscall] AFTER API: Return address at 0x001FEF24 = 0x0046661C
info: Win32Emu.Emulator[0]
      [Syscall] KERNEL32.DLL!GetStdHandle from stub at 0x0F0000A0
info: Win32Emu.Emulator[0]
      [Syscall] BEFORE API: Return address at 0x001FEF24 = 0x0046660E
info: Win32Emu.Emulator[0]
      Dispatching KERNEL32.DLL!GetStdHandle at EIP=0x0E000002 ESP=0x001FEF24 stack=0E 66 46 00 F5 FF FF FF 00 00 00 00 00 00 00 00
info: Win32Emu.Emulator[0]
      [Dispatcher] KERNEL32.DLL!GetStdHandle returned 0x00000000, argBytes=4
info: Win32Emu.Emulator[0]
      [Syscall] AFTER API: Return address at 0x001FEF24 = 0x0046660E
info: Win32Emu.Emulator[0]
      [Syscall] KERNEL32.DLL!GetFileType from stub at 0x0F000020
info: Win32Emu.Emulator[0]
      [Syscall] BEFORE API: Return address at 0x001FEF24 = 0x0046661C
info: Win32Emu.Emulator[0]
      Dispatching KERNEL32.DLL!GetFileType at EIP=0x0E000002 ESP=0x001FEF24 stack=1C 66 46 00 00 00 00 00 00 00 00 00 00 00 00 00
info: Win32Emu.Emulator[0]
      [Dispatcher] KERNEL32.DLL!GetFileType returned 0x00000000, argBytes=4
info: Win32Emu.Emulator[0]
      [Syscall] AFTER API: Return address at 0x001FEF24 = 0x0046661C
info: Win32Emu.Emulator[0]
      [Syscall] KERNEL32.DLL!GetStdHandle from stub at 0x0F0000A0
info: Win32Emu.Emulator[0]
      [Syscall] BEFORE API: Return address at 0x001FEF24 = 0x0046660E
info: Win32Emu.Emulator[0]
      Dispatching KERNEL32.DLL!GetStdHandle at EIP=0x0E000002 ESP=0x001FEF24 stack=0E 66 46 00 F4 FF FF FF 00 00 00 00 00 00 00 00
info: Win32Emu.Emulator[0]
      [Dispatcher] KERNEL32.DLL!GetStdHandle returned 0x00000000, argBytes=4
info: Win32Emu.Emulator[0]
      [Syscall] AFTER API: Return address at 0x001FEF24 = 0x0046660E
info: Win32Emu.Emulator[0]
      [Syscall] KERNEL32.DLL!GetFileType from stub at 0x0F000020
info: Win32Emu.Emulator[0]
      [Syscall] BEFORE API: Return address at 0x001FEF24 = 0x0046661C
info: Win32Emu.Emulator[0]
      Dispatching KERNEL32.DLL!GetFileType at EIP=0x0E000002 ESP=0x001FEF24 stack=1C 66 46 00 00 00 00 00 00 00 00 00 00 00 00 00
info: Win32Emu.Emulator[0]
      [Dispatcher] KERNEL32.DLL!GetFileType returned 0x00000000, argBytes=4
info: Win32Emu.Emulator[0]
      [Syscall] AFTER API: Return address at 0x001FEF24 = 0x0046661C
info: Win32Emu.Emulator[0]
      [Syscall] KERNEL32.DLL!SetHandleCount from stub at 0x0F0000B0
info: Win32Emu.Emulator[0]
      [Syscall] BEFORE API: Return address at 0x001FEF24 = 0x00466660
info: Win32Emu.Emulator[0]
      Dispatching KERNEL32.DLL!SetHandleCount at EIP=0x0E000002 ESP=0x001FEF24 stack=60 66 46 00 20 00 00 00 00 00 00 00 00 00 00 00
info: Win32Emu.Emulator[0]
      [Dispatcher] KERNEL32.DLL!SetHandleCount returned 0x00000020, argBytes=4
info: Win32Emu.Emulator[0]
      [Syscall] AFTER API: Return address at 0x001FEF24 = 0x00466660
info: Win32Emu.Emulator[0]
      [Syscall] KERNEL32.DLL!GetACP from stub at 0x0F000260
info: Win32Emu.Emulator[0]
      [Syscall] BEFORE API: Return address at 0x001FEF50 = 0x00465FB1
info: Win32Emu.Emulator[0]
      Dispatching KERNEL32.DLL!GetACP at EIP=0x0E000002 ESP=0x001FEF50 stack=B1 5F 46 00 FD FF FF FF 00 00 00 00 00 00 00 00
info: Win32Emu.Emulator[0]
      [Dispatcher] KERNEL32.DLL!GetACP returned 0x0000FDE9, argBytes=0
info: Win32Emu.Emulator[0]
      [Syscall] AFTER API: Return address at 0x001FEF50 = 0x00465FB1
info: Win32Emu.Emulator[0]
      [Syscall] KERNEL32.DLL!GetCPInfo from stub at 0x0F000250
info: Win32Emu.Emulator[0]
      [Syscall] BEFORE API: Return address at 0x001FEF4C = 0x0046600B
info: Win32Emu.Emulator[0]
      Dispatching KERNEL32.DLL!GetCPInfo at EIP=0x0E000002 ESP=0x001FEF4C stack=0B 60 46 00 E9 FD 00 00 68 EF 1F 00 00 00 00 00
info: Win32Emu.Emulator[0]
      [Kernel32] GetCPInfo called: codePage=Utf8 lpCpInfo=0x001FEF68
info: Win32Emu.Emulator[0]
      [Kernel32] GetCPInfo: actualCodePage=Utf8
info: Win32Emu.Emulator[0]
      [Dispatcher] KERNEL32.DLL!GetCPInfo returned 0x00000001, argBytes=8
info: Win32Emu.Emulator[0]
      [Syscall] AFTER API: Return address at 0x001FEF4C = 0x0046600B
info: Win32Emu.Emulator[0]
      [Syscall] KERNEL32.DLL!GetCPInfo from stub at 0x0F000250
info: Win32Emu.Emulator[0]
      [Syscall] BEFORE API: Return address at 0x001FEA30 = 0x00466299
info: Win32Emu.Emulator[0]
      Dispatching KERNEL32.DLL!GetCPInfo at EIP=0x0E000002 ESP=0x001FEA30 stack=99 62 46 00 E9 FD 00 00 40 EA 1F 00 08 00 00 00
info: Win32Emu.Emulator[0]
      [Kernel32] GetCPInfo called: codePage=Utf8 lpCpInfo=0x001FEA40
info: Win32Emu.Emulator[0]
      [Kernel32] GetCPInfo: actualCodePage=Utf8
info: Win32Emu.Emulator[0]
      [Dispatcher] KERNEL32.DLL!GetCPInfo returned 0x00000001, argBytes=8
info: Win32Emu.Emulator[0]
      [Syscall] AFTER API: Return address at 0x001FEA30 = 0x00466299
info: Win32Emu.Emulator[0]
      [Syscall] KERNEL32.DLL!GetStringTypeW from stub at 0x0F000140
info: Win32Emu.Emulator[0]
      [Syscall] BEFORE API: Return address at 0x001FE9EC = 0x00468B4A
info: Win32Emu.Emulator[0]
      Dispatching KERNEL32.DLL!GetStringTypeW at EIP=0x0E000002 ESP=0x001FE9EC stack=4A 8B 46 00 01 00 00 00 DC E2 46 00 01 00 00 00
info: Win32Emu.Emulator[0]
      [Dispatcher] KERNEL32.DLL!GetStringTypeW returned 0x00000000, argBytes=20
info: Win32Emu.Emulator[0]
      [Syscall] AFTER API: Return address at 0x001FE9EC = 0x00468B4A
info: Win32Emu.Emulator[0]
      [Syscall] KERNEL32.DLL!GetStringTypeA from stub at 0x0F000150
info: Win32Emu.Emulator[0]
      [Syscall] BEFORE API: Return address at 0x001FE9EC = 0x00468C3D
info: Win32Emu.Emulator[0]
      Dispatching KERNEL32.DLL!GetStringTypeA at EIP=0x0E000002 ESP=0x001FE9EC stack=3D 8C 46 00 00 00 00 00 01 00 00 00 D8 E2 46 00
info: Win32Emu.Emulator[0]
      [Dispatcher] KERNEL32.DLL!GetStringTypeA returned 0x00000001, argBytes=20
info: Win32Emu.Emulator[0]
      [Syscall] AFTER API: Return address at 0x001FE9EC = 0x00468C3D
info: Win32Emu.Emulator[0]
      [Syscall] KERNEL32.DLL!GetStringTypeA from stub at 0x0F000150
info: Win32Emu.Emulator[0]
      [Syscall] BEFORE API: Return address at 0x001FE9EC = 0x00468B85
info: Win32Emu.Emulator[0]
      Dispatching KERNEL32.DLL!GetStringTypeA at EIP=0x0E000002 ESP=0x001FE9EC stack=85 8B 46 00 00 00 00 00 54 EA 1F 00 00 01 00 00
info: Win32Emu.Emulator[0]
      [Dispatcher] KERNEL32.DLL!GetStringTypeA returned 0x00000000, argBytes=20
info: Win32Emu.Emulator[0]
      [Syscall] AFTER API: Return address at 0x001FE9EC = 0x00468B85
fail: Win32Emu.Emulator[0]
      [Emulator] EIP=0x00000001 is in suspicious low memory range. Previous EIP=0x00468B8A, ESP=0x001FEA1C, EBP=0x00000008. Likely corrupted return address or indirect jump.
fail: Win32Emu.Emulator[0]
      [Emulator] EIP=0x00000002 is in suspicious low memory range. Previous EIP=0x00000001, ESP=0x001FEA1C, EBP=0x00000008. Likely corrupted return address or indirect jump.